Component: ARM Compiler 5.06 update 7 (build 960) Tool: armlink [4d3601]

==============================================================================

Section Cross References

    main.o(.text) refers to delay.o(.text) for delay_init
    main.o(.text) refers to misc.o(.text) for NVIC_PriorityGroupConfig
    main.o(.text) refers to motor.o(.text) for Motor_Init
    main.o(.text) refers to servo.o(.text) for Servo_Init
    main.o(.text) refers to hc05.o(.text) for HC05_Init
    main.o(.text) refers to board.o(.text) for Board_Init
    main.o(.text) refers to duoji_board.o(.text) for Duoji_board_Init
    main.o(.text) refers to speaker.o(.text) for Speaker_Init
    main.o(.text) refers to water.o(.text) for Water_Init
    main.o(.text) refers to stm32f4xx_usart.o(.text) for USART_GetITStatus
    main.o(.text) refers to system_stm32f4xx.o(.data) for SystemCoreClock
    main.o(.text) refers to main.o(.bss) for ActBuff
    main.o(.text) refers to main.o(.data) for comdatest
    system_stm32f4xx.o(.text) refers to system_stm32f4xx.o(.data) for SystemCoreClock
    startup_stm32f40_41xxx.o(STACK) refers (Special) to heapauxi.o(.text) for __use_two_region_memory
    startup_stm32f40_41xxx.o(HEAP) refers (Special) to heapauxi.o(.text) for __use_two_region_memory
    startup_stm32f40_41xxx.o(RESET) refers (Special) to heapauxi.o(.text) for __use_two_region_memory
    startup_stm32f40_41xxx.o(RESET) refers to startup_stm32f40_41xxx.o(STACK) for __initial_sp
    startup_stm32f40_41xxx.o(RESET) refers to startup_stm32f40_41xxx.o(.text) for Reset_Handler
    startup_stm32f40_41xxx.o(RESET) refers to stm32f4xx_it.o(.text) for NMI_Handler
    startup_stm32f40_41xxx.o(RESET) refers to air.o(.text) for USART2_IRQHandler
    startup_stm32f40_41xxx.o(RESET) refers to main.o(.text) for UART4_IRQHandler
    startup_stm32f40_41xxx.o(RESET) refers to mlx90640.o(.text) for UART5_IRQHandler
    startup_stm32f40_41xxx.o(.text) refers (Special) to heapauxi.o(.text) for __use_two_region_memory
    startup_stm32f40_41xxx.o(.text) refers to system_stm32f4xx.o(.text) for SystemInit
    startup_stm32f40_41xxx.o(.text) refers to __main.o(!!!main) for __main
    startup_stm32f40_41xxx.o(.text) refers to startup_stm32f40_41xxx.o(HEAP) for Heap_Mem
    startup_stm32f40_41xxx.o(.text) refers to startup_stm32f40_41xxx.o(STACK) for Stack_Mem
    stm32f4xx_adc.o(.text) refers to stm32f4xx_rcc.o(.text) for RCC_APB2PeriphResetCmd
    stm32f4xx_can.o(.text) refers to stm32f4xx_rcc.o(.text) for RCC_APB1PeriphResetCmd
    stm32f4xx_cryp.o(.text) refers to stm32f4xx_rcc.o(.text) for RCC_AHB2PeriphResetCmd
    stm32f4xx_cryp_aes.o(.text) refers to stm32f4xx_cryp.o(.text) for CRYP_KeyStructInit
    stm32f4xx_cryp_des.o(.text) refers to stm32f4xx_cryp.o(.text) for CRYP_KeyStructInit
    stm32f4xx_cryp_tdes.o(.text) refers to stm32f4xx_cryp.o(.text) for CRYP_KeyStructInit
    stm32f4xx_dac.o(.text) refers to stm32f4xx_rcc.o(.text) for RCC_APB1PeriphResetCmd
    stm32f4xx_dma2d.o(.text) refers to stm32f4xx_rcc.o(.text) for RCC_AHB1PeriphResetCmd
    stm32f4xx_fsmc.o(.text) refers to stm32f4xx_fsmc.o(.constdata) for FSMC_DefaultTimingStruct
    stm32f4xx_gpio.o(.text) refers to stm32f4xx_rcc.o(.text) for RCC_AHB1PeriphResetCmd
    stm32f4xx_hash.o(.text) refers to stm32f4xx_rcc.o(.text) for RCC_AHB2PeriphResetCmd
    stm32f4xx_hash_md5.o(.text) refers to stm32f4xx_hash.o(.text) for HASH_DeInit
    stm32f4xx_hash_sha1.o(.text) refers to stm32f4xx_hash.o(.text) for HASH_DeInit
    stm32f4xx_i2c.o(.text) refers to stm32f4xx_rcc.o(.text) for RCC_APB1PeriphResetCmd
    stm32f4xx_ltdc.o(.text) refers to stm32f4xx_rcc.o(.text) for RCC_APB2PeriphResetCmd
    stm32f4xx_pwr.o(.text) refers to stm32f4xx_rcc.o(.text) for RCC_APB1PeriphResetCmd
    stm32f4xx_rcc.o(.text) refers to stm32f4xx_rcc.o(.data) for APBAHBPrescTable
    stm32f4xx_rng.o(.text) refers to stm32f4xx_rcc.o(.text) for RCC_AHB2PeriphResetCmd
    stm32f4xx_sai.o(.text) refers to stm32f4xx_rcc.o(.text) for RCC_APB2PeriphResetCmd
    stm32f4xx_sdio.o(.text) refers to stm32f4xx_rcc.o(.text) for RCC_APB2PeriphResetCmd
    stm32f4xx_spi.o(.text) refers to stm32f4xx_rcc.o(.text) for RCC_APB2PeriphResetCmd
    stm32f4xx_syscfg.o(.text) refers to stm32f4xx_rcc.o(.text) for RCC_APB2PeriphResetCmd
    stm32f4xx_tim.o(.text) refers to stm32f4xx_rcc.o(.text) for RCC_APB2PeriphResetCmd
    stm32f4xx_usart.o(.text) refers to stm32f4xx_rcc.o(.text) for RCC_APB2PeriphResetCmd
    stm32f4xx_wwdg.o(.text) refers to stm32f4xx_rcc.o(.text) for RCC_APB1PeriphResetCmd
    delay.o(.text) refers to misc.o(.text) for SysTick_CLKSourceConfig
    delay.o(.text) refers to delay.o(.data) for fac_us
    usart.o(.rev16_text) refers (Special) to use_no_semi_2.o(.text) for __use_no_semihosting
    usart.o(.revsh_text) refers (Special) to use_no_semi_2.o(.text) for __use_no_semihosting
    usart.o(.text) refers (Special) to use_no_semi_2.o(.text) for __use_no_semihosting
[...]
    __ARM_exceptions_init                     - Undefined Weak Reference
    __alloca_initialize                       - Undefined Weak Reference
    __arm_fini_                               - Undefined Weak Reference
    __arm_preinit_                            - Undefined Weak Reference
    __cpp_initialize__aeabi_                  - Undefined Weak Reference
    __cxa_finalize                            - Undefined Weak Reference
    __sigvec_lookup                           - Undefined Weak Reference
    _atexit_init                              - Undefined Weak Reference
    _call_atexit_fns                          - Undefined Weak Reference
    _clock_init                               - Undefined Weak Reference
    _fp_trap_init                             - Undefined Weak Reference
    _fp_trap_shutdown                         - Undefined Weak Reference
    _get_lc_collate                           - Undefined Weak Reference
    _get_lc_monetary                          - Undefined Weak Reference
    _get_lc_time                              - Undefined Weak Reference
    _getenv_init                              - Undefined Weak Reference
    _handle_redirection                       - Undefined Weak Reference
    _init_alloc                               - Undefined Weak Reference
    _init_user_alloc                          - Undefined Weak Reference
    _initio                                   - Undefined Weak Reference
    _printf_mbtowc                            - Undefined Weak Reference
    _printf_wc                                - Undefined Weak Reference
    _rand_init                                - Undefined Weak Reference
    _signal_finish                            - Undefined Weak Reference
    _signal_init                              - Undefined Weak Reference
    _terminate_alloc                          - Undefined Weak Reference
    _terminate_user_alloc                     - Undefined Weak Reference
    _terminateio                              - Undefined Weak Reference
    __Vectors_Size                           0x00000188   Number         0  startup_stm32f40_41xxx.o ABSOLUTE
    __Vectors                                0x08000000   Data           4  startup_stm32f40_41xxx.o(RESET)
    __Vectors_End                            0x08000188   Data           0  startup_stm32f40_41xxx.o(RESET)
    __main                                   0x08000189   Thumb Code     8  __main.o(!!!main)
    __scatterload                            0x08000191   Thumb Code     0  __scatter.o(!!!scatter)
    __scatterload_rt2                        0x08000191   Thumb Code    44  __scatter.o(!!!scatter)
    __scatterload_rt2_thumb_only             0x08000191   Thumb Code     0  __scatter.o(!!!scatter)
    __scatterload_null                       0x0800019f   Thumb Code     0  __scatter.o(!!!scatter)
    __scatterload_copy                       0x080001c5   Thumb Code    26  __scatter_copy.o(!!handler_copy)
    __scatterload_zeroinit                   0x080001e1   Thumb Code    28  __scatter_zi.o(!!handler_zi)
    _printf_n                                0x080001fd   Thumb Code     0  _printf_n.o(.ARM.Collect$$_printf_percent$$00000001)
    _printf_percent                          0x080001fd   Thumb Code     0  _printf_percent.o(.ARM.Collect$$_printf_percent$$00000000)
    _printf_p                                0x08000203   Thumb Code     0  _printf_p.o(.ARM.Collect$$_printf_percent$$00000002)
    _printf_f                                0x08000209   Thumb Code     0  _printf_f.o(.ARM.Collect$$_printf_percent$$00000003)
    _printf_e                                0x0800020f   Thumb Code     0  _printf_e.o(.ARM.Collect$$_printf_percent$$00000004)
    _printf_g                                0x08000215   Thumb Code     0  _printf_g.o(.ARM.Collect$$_printf_percent$$00000005)
    _printf_a                                0x0800021b   Thumb Code     0  _printf_a.o(.ARM.Collect$$_printf_percent$$00000006)
    _printf_ll                               0x08000221   Thumb Code     0  _printf_ll.o(.ARM.Collect$$_printf_percent$$00000007)
    _printf_i                                0x0800022b   Thumb Code     0  _printf_i.o(.ARM.Collect$$_printf_percent$$00000008)
    _printf_d                                0x08000231   Thumb Code     0  _printf_d.o(.ARM.Collect$$_printf_percent$$00000009)
    _printf_u                                0x08000237   Thumb Code     0  _printf_u.o(.ARM.Collect$$_printf_percent$$0000000A)
    _printf_o                                0x0800023d   Thumb Code     0  _printf_o.o(.ARM.Collect$$_printf_percent$$0000000B)
    _printf_x                                0x08000243   Thumb Code     0  _printf_x.o(.ARM.Collect$$_printf_percent$$0000000C)
    _printf_lli                              0x08000249   Thumb Code     0  _printf_lli.o(.ARM.Collect$$_printf_percent$$0000000D)
    _printf_lld                              0x0800024f   Thumb Code     0  _printf_lld.o(.ARM.Collect$$_printf_percent$$0000000E)
    _printf_llu                              0x08000255   Thumb Code     0  _printf_llu.o(.ARM.Collect$$_printf_percent$$0000000F)
    _printf_llo                              0x0800025b   Thumb Code     0  _printf_llo.o(.ARM.Collect$$_printf_percent$$00000010)
    _printf_llx                              0x08000261   Thumb Code     0  _printf_llx.o(.ARM.Collect$$_printf_percent$$00000011)
    _printf_l                                0x08000267   Thumb Code     0  _printf_l.o(.ARM.Collect$$_printf_percent$$00000012)
    _printf_c                                0x08000271   Thumb Code     0  _printf_c.o(.ARM.Collect$$_printf_percent$$00000013)
    _printf_s                                0x08000277   Thumb Code     0  _printf_s.o(.ARM.Collect$$_printf_percent$$00000014)
    _printf_lc                               0x0800027d   Thumb Code     0  _printf_lc.o(.ARM.Collect$$_printf_percent$$00000015)
    _printf_ls                               0x08000283   Thumb Code     0  _printf_ls.o(.ARM.Collect$$_printf_percent$$00000016)
    _printf_percent_end                      0x08000289   Thumb Code     0  _printf_percent_end.o(.ARM.Collect$$_printf_percent$$00000017)
    __rt_lib_init                            0x0800028d   Thumb Code     0  libinit.o(.ARM.Collect$$libinit$$00000000)
    __rt_lib_init_fp_1                       0x0800028f   Thumb Code     0  libinit2.o(.ARM.Collect$$libinit$$00000001)
    __rt_lib_init_heap_1                     0x08000293   Thumb Code     0  libinit2.o(.ARM.Collect$$libinit$$0000000A)
    __rt_lib_init_lc_common                  0x08000293   Thumb Code     0  libinit2.o(.ARM.Collect$$libinit$$0000000F)
    __rt_lib_init_preinit_1                  0x08000293   Thumb Code     0  libinit2.o(.ARM.Collect$$libinit$$00000004)
    __rt_lib_init_rand_1                     0x08000293   Thumb Code     0  libinit2.o(.ARM.Collect$$libinit$$0000000E)
    __rt_lib_init_user_alloc_1               0x08000293   Thumb Code     0  libinit2.o(.ARM.Collect$$libinit$$0000000C)
    __rt_lib_init_lc_collate_1               0x08000299   Thumb Code     0  libinit2.o(.ARM.Collect$$libinit$$00000011)
    __rt_lib_init_lc_ctype_2                 0x08000299   Thumb Code     0  libinit2.o(.ARM.Collect$$libinit$$00000012)
    __rt_lib_init_lc_ctype_1                 0x080002a5   Thumb Code     0  libinit2.o(.ARM.Collect$$libinit$$00000013)
    __rt_lib_init_lc_monetary_1              0x080002a5   Thumb Code     0  libinit2.o(.ARM.Collect$$libinit$$00000015)
    __rt_lib_init_lc_numeric_2               0x080002a5   Thumb Code     0  libinit2.o(.ARM.Collect$$libinit$$00000016)
    __rt_lib_init_alloca_1                   0x080002af   Thumb Code     0  libinit2.o(.ARM.Collect$$libinit$$0000002E)
    __rt_lib_init_argv_1                     0x080002af   Thumb Code     0  libinit2.o(.ARM.Collect$$libinit$$0000002C)
    __rt_lib_init_atexit_1                   0x080002af   Thumb Code     0  libinit2.o(.ARM.Collect$$libinit$$0000001B)
    __rt_lib_init_clock_1                    0x080002af   Thumb Code     0  libinit2.o(.ARM.Collect$$libinit$$00000021)
    __rt_lib_init_cpp_1                      0x080002af   Thumb Code     0  libinit2.o(.ARM.Collect$$libinit$$00000032)
    __rt_lib_init_exceptions_1               0x080002af   Thumb Code     0  libinit2.o(.ARM.Collect$$libinit$$00000030)
    __rt_lib_init_fp_trap_1                  0x080002af   Thumb Code     0  libinit2.o(.ARM.Collect$$libinit$$0000001F)
    __rt_lib_init_getenv_1                   0x080002af   Thumb Code     0  libinit2.o(.ARM.Collect$$libinit$$00000023)
    __rt_lib_init_lc_numeric_1               0x080002af   Thumb Code     0  libinit2.o(.ARM.Collect$$libinit$$00000017)
    __rt_lib_init_lc_time_1                  0x080002af   Thumb Code     0  libinit2.o(.ARM.Collect$$libinit$$00000019)
    __rt_lib_init_return                     0x080002af   Thumb Code     0  libinit2.o(.ARM.Collect$$libinit$$00000033)
    __rt_lib_init_signal_1                   0x080002af   Thumb Code     0  libinit2.o(.ARM.Collect$$libinit$$0000001D)
    __rt_lib_init_stdio_1                    0x080002af   Thumb Code     0  libinit2.o(.ARM.Collect$$libinit$$00000025)
    __rt_lib_shutdown                        0x080002b1   Thumb Code     0  libshutdown.o(.ARM.Collect$$libshutdown$$00000000)
    __rt_lib_shutdown_cpp_1                  0x080002b3   Thumb Code     0  libshutdown2.o(.ARM.Collect$$libshutdown$$00000004)
    __rt_lib_shutdown_fini_1                 0x080002b3   Thumb Code     0  libshutdown2.o(.ARM.Collect$$libshutdown$$00000002)
    __rt_lib_shutdown_fp_trap_1              0x080002b3   Thumb Code     0  libshutdown2.o(.ARM.Collect$$libshutdown$$00000009)
    __rt_lib_shutdown_heap_1                 0x080002b3   Thumb Code     0  libshutdown2.o(.ARM.Collect$$libshutdown$$00000011)
    __rt_lib_shutdown_return                 0x080002b3   Thumb Code     0  libshutdown2.o(.ARM.Collect$$libshutdown$$00000012)
    __rt_lib_shutdown_signal_1               0x080002b3   Thumb Code     0  libshutdown2.o(.ARM.Collect$$libshutdown$$0000000C)
    __rt_lib_shutdown_stdio_1                0x080002b3   Thumb Code     0  libshutdown2.o(.ARM.Collect$$libshutdown$$00000006)
    __rt_lib_shutdown_user_alloc_1           0x080002b3   Thumb Code     0  libshutdown2.o(.ARM.Collect$$libshutdown$$0000000E)
    __rt_entry                               0x080002b5   Thumb Code     0  __rtentry.o(.ARM.Collect$$rtentry$$00000000)
    __rt_entry_presh_1                       0x080002b5   Thumb Code     0  __rtentry2.o(.ARM.Collect$$rtentry$$00000002)
    __rt_entry_sh                            0x080002b5   Thumb Code     0  __rtentry4.o(.ARM.Collect$$rtentry$$00000004)
    __rt_entry_li                            0x080002bb   Thumb Code     0  __rtentry2.o(.ARM.Collect$$rtentry$$0000000A)
    __rt_entry_postsh_1                      0x080002bb   Thumb Code     0  __rtentry2.o(.ARM.Collect$$rtentry$$00000009)
    __rt_entry_main                          0x080002bf   Thumb Code     0  __rtentry2.o(.ARM.Collect$$rtentry$$0000000D)
    __rt_entry_postli_1                      0x080002bf   Thumb Code     0  __rtentry2.o(.ARM.Collect$$rtentry$$0000000C)
    __rt_exit                                0x080002c7   Thumb Code     0  rtexit.o(.ARM.Collect$$rtexit$$00000000)
    __rt_exit_ls                             0x080002c9   Thumb Code     0  rtexit2.o(.ARM.Collect$$rtexit$$00000003)
    __rt_exit_prels_1                        0x080002c9   Thumb Code     0  rtexit2.o(.ARM.Collect$$rtexit$$00000002)
    __rt_exit_exit                           0x080002cd   Thumb Code     0  rtexit2.o(.ARM.Collect$$rtexit$$00000004)
    initialise                               0x080002d5   Thumb Code    86  main.o(.text)
    main                                     0x0800032b   Thumb Code   342  main.o(.text)
    UART4_IRQHandler                         0x08000481   Thumb Code   208  main.o(.text)
    NMI_Handler                              0x08000589   Thumb Code     2  stm32f4xx_it.o(.text)
    HardFault_Handler                        0x0800058b   Thumb Code     4  stm32f4xx_it.o(.text)
    MemManage_Handler                        0x0800058f   Thumb Code     4  stm32f4xx_it.o(.text)
    BusFault_Handler                         0x08000593   Thumb Code     4  stm32f4xx_it.o(.text)
    UsageFault_Handler                       0x08000597   Thumb Code     4  stm32f4xx_it.o(.text)
    SVC_Handler                              0x0800059b   Thumb Code     2  stm32f4xx_it.o(.text)
    DebugMon_Handler                         0x0800059d   Thumb Code     2  stm32f4xx_it.o(.text)
    PendSV_Handler                           0x0800059f   Thumb Code     2  stm32f4xx_it.o(.text)
    SysTick_Handler                          0x080005a1   Thumb Code     2  stm32f4xx_it.o(.text)
    SystemInit                               0x08000681   Thumb Code    88  system_stm32f4xx.o(.text)
    SystemCoreClockUpdate                    0x080006d9   Thumb Code   174  system_stm32f4xx.o(.text)
    Reset_Handler                            0x080007b5   Thumb Code     8  startup_stm32f40_41xxx.o(.text)
    ADC_IRQHandler                           0x080007cf   Thumb Code     0  startup_stm32f40_41xxx.o(.text)
    CAN1_RX0_IRQHandler                      0x080007cf   Thumb Code     0  startup_stm32f40_41xxx.o(.text)
    CAN1_RX1_IRQHandler                      0x080007cf   Thumb Code     0  startup_stm32f40_41xxx.o(.text)
    CAN1_SCE_IRQHandler                      0x080007cf   Thumb Code     0  startup_stm32f40_41xxx.o(.text)
    CAN1_TX_IRQHandler                       0x080007cf   Thumb Code     0  startup_stm32f40_41xxx.o(.text)
    CAN2_RX0_IRQHandler                      0x080007cf   Thumb Code     0  startup_stm32f40_41xxx.o(.text)
    CAN2_RX1_IRQHandler                      0x080007cf   Thumb Code     0  startup_stm32f40_41xxx.o(.text)
    CAN2_SCE_IRQHandler                      0x080007cf   Thumb Code     0  startup_stm32f40_41xxx.o(.text)
    CAN2_TX_IRQHandler                       0x080007cf   Thumb Code     0  startup_stm32f40_41xxx.o(.text)
    CRYP_IRQHandler                          0x080007cf   Thumb Code     0  startup_stm32f40_41xxx.o(.text)
    DCMI_IRQHandler                          0x080007cf   Thumb Code     0  startup_stm32f40_41xxx.o(.text)
    DMA1_Stream0_IRQHandler                  0x080007cf   Thumb Code     0  startup_stm32f40_41xxx.o(.text)
    DMA1_Stream1_IRQHandler                  0x080007cf   Thumb Code     0  startup_stm32f40_41xxx.o(.text)
    DMA1_Stream2_IRQHandler                  0x080007cf   Thumb Code     0  startup_stm32f40_41xxx.o(.text)
    DMA1_Stream3_IRQHandler                  0x080007cf   Thumb Code     0  startup_stm32f40_41xxx.o(.text)
    DMA1_Stream4_IRQHandler                  0x080007cf   Thumb Code     0  startup_stm32f40_41xxx.o(.text)
    DMA1_Stream5_IRQHandler                  0x080007cf   Thumb Code     0  startup_stm32f40_41xxx.o(.text)
    DMA1_Stream6_IRQHandler                  0x080007cf   Thumb Code     0  startup_stm32f40_41xxx.o(.text)
    DMA1_Stream7_IRQHandler                  0x080007cf   Thumb Code     0  startup_stm32f40_41xxx.o(.text)
    DMA2_Stream0_IRQHandler                  0x080007cf   Thumb Code     0  startup_stm32f40_41xxx.o(.text)
    DMA2_Stream1_IRQHandler                  0x080007cf   Thumb Code     0  startup_stm32f40_41xxx.o(.text)
    DMA2_Stream2_IRQHandler                  0x080007cf   Thumb Code     0  startup_stm32f40_41xxx.o(.text)
    DMA2_Stream3_IRQHandler                  0x080007cf   Thumb Code     0  startup_stm32f40_41xxx.o(.text)
    DMA2_Stream4_IRQHandler                  0x080007cf   Thumb Code     0  startup_stm32f40_41xxx.o(.text)
    DMA2_Stream5_IRQHandler                  0x080007cf   Thumb Code     0  startup_stm32f40_41xxx.o(.text)
    DMA2_Stream6_IRQHandler                  0x080007cf   Thumb Code     0  startup_stm32f40_41xxx.o(.text)
    DMA2_Stream7_IRQHandler                  0x080007cf   Thumb Code     0  startup_stm32f40_41xxx.o(.text)
    ETH_IRQHandler                           0x080007cf   Thumb Code     0  startup_stm32f40_41xxx.o(.text)
    ETH_WKUP_IRQHandler                      0x080007cf   Thumb Code     0  startup_stm32f40_41xxx.o(.text)
    EXTI0_IRQHandler                         0x080007cf   Thumb Code     0  startup_stm32f40_41xxx.o(.text)
    EXTI15_10_IRQHandler                     0x080007cf   Thumb Code     0  startup_stm32f40_41xxx.o(.text)
    EXTI1_IRQHandler                         0x080007cf   Thumb Code     0  startup_stm32f40_41xxx.o(.text)
    EXTI2_IRQHandler                         0x080007cf   Thumb Code     0  startup_stm32f40_41xxx.o(.text)
    EXTI3_IRQHandler                         0x080007cf   Thumb Code     0  startup_stm32f40_41xxx.o(.text)
    EXTI4_IRQHandler                         0x080007cf   Thumb Code     0  startup_stm32f40_41xxx.o(.text)
    EXTI9_5_IRQHandler                       0x080007cf   Thumb Code     0  startup_stm32f40_41xxx.o(.text)
    FLASH_IRQHandler                         0x080007cf   Thumb Code     0  startup_stm32f40_41xxx.o(.text)
    FPU_IRQHandler                           0x080007cf   Thumb Code     0  startup_stm32f40_41xxx.o(.text)
    FSMC_IRQHandler                          0x080007cf   Thumb Code     0  startup_stm32f40_41xxx.o(.text)
    HASH_RNG_IRQHandler                      0x080007cf   Thumb Code     0  startup_stm32f40_41xxx.o(.text)
    I2C1_ER_IRQHandler                       0x080007cf   Thumb Code     0  startup_stm32f40_41xxx.o(.text)
    I2C1_EV_IRQHandler                       0x080007cf   Thumb Code     0  startup_stm32f40_41xxx.o(.text)
    I2C2_ER_IRQHandler                       0x080007cf   Thumb Code     0  startup_stm32f40_41xxx.o(.text)
    I2C2_EV_IRQHandler                       0x080007cf   Thumb Code     0  startup_stm32f40_41xxx.o(.text)
    I2C3_ER_IRQHandler                       0x080007cf   Thumb Code     0  startup_stm32f40_41xxx.o(.text)
    I2C3_EV_IRQHandler                       0x080007cf   Thumb Code     0  startup_stm32f40_41xxx.o(.text)
    OTG_FS_IRQHandler                        0x080007cf   Thumb Code     0  startup_stm32f40_41xxx.o(.text)
    OTG_FS_WKUP_IRQHandler                   0x080007cf   Thumb Code     0  startup_stm32f40_41xxx.o(.text)
    OTG_HS_EP1_IN_IRQHandler                 0x080007cf   Thumb Code     0  startup_stm32f40_41xxx.o(.text)
    OTG_HS_EP1_OUT_IRQHandler                0x080007cf   Thumb Code     0  startup_stm32f40_41xxx.o(.text)
    OTG_HS_IRQHandler                        0x080007cf   Thumb Code     0  startup_stm32f40_41xxx.o(.text)
    OTG_HS_WKUP_IRQHandler                   0x080007cf   Thumb Code     0  startup_stm32f40_41xxx.o(.text)
    PVD_IRQHandler                           0x080007cf   Thumb Code     0  startup_stm32f40_41xxx.o(.text)
    RCC_IRQHandler                           0x080007cf   Thumb Code     0  startup_stm32f40_41xxx.o(.text)
    RTC_Alarm_IRQHandler                     0x080007cf   Thumb Code     0  startup_stm32f40_41xxx.o(.text)
    RTC_WKUP_IRQHandler                      0x080007cf   Thumb Code     0  startup_stm32f40_41xxx.o(.text)
    SDIO_IRQHandler                          0x080007cf   Thumb Code     0  startup_stm32f40_41xxx.o(.text)
    SPI1_IRQHandler                          0x080007cf   Thumb Code     0  startup_stm32f40_41xxx.o(.text)
    SPI2_IRQHandler                          0x080007cf   Thumb Code     0  startup_stm32f40_41xxx.o(.text)
    SPI3_IRQHandler                          0x080007cf   Thumb Code     0  startup_stm32f40_41xxx.o(.text)
    TAMP_STAMP_IRQHandler                    0x080007cf   Thumb Code     0  startup_stm32f40_41xxx.o(.text)
    TIM1_BRK_TIM9_IRQHandler                 0x080007cf   Thumb Code     0  startup_stm32f40_41xxx.o(.text)
    TIM1_CC_IRQHandler                       0x080007cf   Thumb Code     0  startup_stm32f40_41xxx.o(.text)
    TIM1_TRG_COM_TIM11_IRQHandler            0x080007cf   Thumb Code     0  startup_stm32f40_41xxx.o(.text)
    TIM1_UP_TIM10_IRQHandler                 0x080007cf   Thumb Code     0  startup_stm32f40_41xxx.o(.text)
    TIM2_IRQHandler                          0x080007cf   Thumb Code     0  startup_stm32f40_41xxx.o(.text)
    TIM3_IRQHandler                          0x080007cf   Thumb Code     0  startup_stm32f40_41xxx.o(.text)
    TIM4_IRQHandler                          0x080007cf   Thumb Code     0  startup_stm32f40_41xxx.o(.text)
    TIM5_IRQHandler                          0x080007cf   Thumb Code     0  startup_stm32f40_41xxx.o(.text)
    TIM6_DAC_IRQHandler                      0x080007cf   Thumb Code     0  startup_stm32f40_41xxx.o(.text)
    TIM7_IRQHandler                          0x080007cf   Thumb Code     0  startup_stm32f40_41xxx.o(.text)
    TIM8_BRK_TIM12_IRQHandler                0x080007cf   Thumb Code     0  startup_stm32f40_41xxx.o(.text)
    TIM8_CC_IRQHandler                       0x080007cf   Thumb Code     0  startup_stm32f40_41xxx.o(.text)
    TIM8_TRG_COM_TIM14_IRQHandler            0x080007cf   Thumb Code     0  startup_stm32f40_41xxx.o(.text)
    TIM8_UP_TIM13_IRQHandler                 0x080007cf   Thumb Code     0  startup_stm32f40_41xxx.o(.text)
    USART1_IRQHandler                        0x080007cf   Thumb Code     0  startup_stm32f40_41xxx.o(.text)
    USART3_IRQHandler                        0x080007cf   Thumb Code     0  startup_stm32f40_41xxx.o(.text)
    USART6_IRQHandler                        0x080007cf   Thumb Code     0  startup_stm32f40_41xxx.o(.text)
    WWDG_IRQHandler                          0x080007cf   Thumb Code     0  startup_stm32f40_41xxx.o(.text)
    __user_initial_stackheap                 0x080007d1   Thumb Code     0  startup_stm32f40_41xxx.o(.text)
    NVIC_PriorityGroupConfig                 0x080007f5   Thumb Code    10  misc.o(.text)
    NVIC_Init                                0x080007ff   Thumb Code   106  misc.o(.text)
    NVIC_SetVectorTable                      0x08000869   Thumb Code    14  misc.o(.text)
    NVIC_SystemLPConfig                      0x08000877   Thumb Code    34  misc.o(.text)
    SysTick_CLKSourceConfig                  0x08000899   Thumb Code    40  misc.o(.text)
    GPIO_DeInit                              0x080008d5   Thumb Code   268  stm32f4xx_gpio.o(.text)
    GPIO_Init                                0x080009e1   Thumb Code   144  stm32f4xx_gpio.o(.text)
    GPIO_StructInit                          0x08000a71   Thumb Code    18  stm32f4xx_gpio.o(.text)
    GPIO_PinLockConfig                       0x08000a83   Thumb Code    34  stm32f4xx_gpio.o(.text)
    GPIO_ReadInputDataBit                    0x08000aa5   Thumb Code    18  stm32f4xx_gpio.o(.text)
    GPIO_ReadInputData                       0x08000ab7   Thumb Code     8  stm32f4xx_gpio.o(.text)
    GPIO_ReadOutputDataBit                   0x08000abf   Thumb Code    18  stm32f4xx_gpio.o(.text)
    GPIO_ReadOutputData                      0x08000ad1   Thumb Code     8  stm32f4xx_gpio.o(.text)
    GPIO_SetBits                             0x08000ad9   Thumb Code     4  stm32f4xx_gpio.o(.text)
    GPIO_ResetBits                           0x08000add   Thumb Code     4  stm32f4xx_gpio.o(.text)
    GPIO_WriteBit                            0x08000ae1   Thumb Code    10  stm32f4xx_gpio.o(.text)
    GPIO_Write                               0x08000aeb   Thumb Code     4  stm32f4xx_gpio.o(.text)
    GPIO_ToggleBits                          0x08000aef   Thumb Code     8  stm32f4xx_gpio.o(.text)
    GPIO_PinAFConfig                         0x08000af7   Thumb Code    70  stm32f4xx_gpio.o(.text)
    RCC_DeInit                               0x08000b69   Thumb Code    82  stm32f4xx_rcc.o(.text)
    RCC_HSEConfig                            0x08000bbb   Thumb Code    14  stm32f4xx_rcc.o(.text)
    RCC_GetFlagStatus                        0x08000bc9   Thumb Code    60  stm32f4xx_rcc.o(.text)
    RCC_WaitForHSEStartUp                    0x08000c05   Thumb Code    56  stm32f4xx_rcc.o(.text)
    RCC_AdjustHSICalibrationValue            0x08000c3d   Thumb Code    20  stm32f4xx_rcc.o(.text)
    RCC_HSICmd                               0x08000c51   Thumb Code     6  stm32f4xx_rcc.o(.text)
    RCC_LSEConfig                            0x08000c57   Thumb Code    46  stm32f4xx_rcc.o(.text)
    RCC_LSICmd                               0x08000c85   Thumb Code     6  stm32f4xx_rcc.o(.text)
    RCC_PLLConfig                            0x08000c8b   Thumb Code    32  stm32f4xx_rcc.o(.text)
    RCC_PLLCmd                               0x08000cab   Thumb Code     6  stm32f4xx_rcc.o(.text)
    RCC_PLLI2SConfig                         0x08000cb1   Thumb Code    14  stm32f4xx_rcc.o(.text)
    RCC_PLLI2SCmd                            0x08000cbf   Thumb Code     6  stm32f4xx_rcc.o(.text)
    RCC_PLLSAIConfig                         0x08000cc5   Thumb Code    20  stm32f4xx_rcc.o(.text)
    RCC_PLLSAICmd                            0x08000cd9   Thumb Code     6  stm32f4xx_rcc.o(.text)
    RCC_ClockSecuritySystemCmd               0x08000cdf   Thumb Code     6  stm32f4xx_rcc.o(.text)
    RCC_MCO1Config                           0x08000ce5   Thumb Code    28  stm32f4xx_rcc.o(.text)
    RCC_MCO2Config                           0x08000d01   Thumb Code    28  stm32f4xx_rcc.o(.text)
    RCC_SYSCLKConfig                         0x08000d1d   Thumb Code    20  stm32f4xx_rcc.o(.text)
    RCC_GetSYSCLKSource                      0x08000d31   Thumb Code    12  stm32f4xx_rcc.o(.text)
    RCC_HCLKConfig                           0x08000d3d   Thumb Code    20  stm32f4xx_rcc.o(.text)
    RCC_PCLK1Config                          0x08000d51   Thumb Code    20  stm32f4xx_rcc.o(.text)
    RCC_PCLK2Config                          0x08000d65   Thumb Code    22  stm32f4xx_rcc.o(.text)
    RCC_GetClocksFreq                        0x08000d7b   Thumb Code   222  stm32f4xx_rcc.o(.text)
    RCC_RTCCLKConfig                         0x08000e59   Thumb Code    54  stm32f4xx_rcc.o(.text)
    RCC_RTCCLKCmd                            0x08000e8f   Thumb Code     8  stm32f4xx_rcc.o(.text)
    RCC_BackupResetCmd                       0x08000e97   Thumb Code     8  stm32f4xx_rcc.o(.text)
    RCC_I2SCLKConfig                         0x08000e9f   Thumb Code     6  stm32f4xx_rcc.o(.text)
    RCC_SAIPLLI2SClkDivConfig                0x08000ea5   Thumb Code    26  stm32f4xx_rcc.o(.text)
    RCC_SAIPLLSAIClkDivConfig                0x08000ebf   Thumb Code    28  stm32f4xx_rcc.o(.text)
    RCC_SAIBlockACLKConfig                   0x08000edb   Thumb Code    20  stm32f4xx_rcc.o(.text)
    RCC_SAIBlockBCLKConfig                   0x08000eef   Thumb Code    20  stm32f4xx_rcc.o(.text)
    RCC_LTDCCLKDivConfig                     0x08000f03   Thumb Code    20  stm32f4xx_rcc.o(.text)
    RCC_TIMCLKPresConfig                     0x08000f17   Thumb Code     6  stm32f4xx_rcc.o(.text)
    RCC_AHB1PeriphClockCmd                   0x08000f1d   Thumb Code    34  stm32f4xx_rcc.o(.text)
    RCC_AHB2PeriphClockCmd                   0x08000f3f   Thumb Code    78  stm32f4xx_rcc.o(.text)
    RCC_AHB3PeriphClockCmd                   0x08000f8d   Thumb Code    34  stm32f4xx_rcc.o(.text)
    RCC_APB1PeriphClockCmd                   0x08000faf   Thumb Code    34  stm32f4xx_rcc.o(.text)
    RCC_APB2PeriphClockCmd                   0x08000fd1   Thumb Code    34  stm32f4xx_rcc.o(.text)
    RCC_AHB1PeriphResetCmd                   0x08000ff3   Thumb Code    34  stm32f4xx_rcc.o(.text)
    RCC_AHB2PeriphResetCmd                   0x08001015   Thumb Code    34  stm32f4xx_rcc.o(.text)
    RCC_AHB3PeriphResetCmd                   0x08001037   Thumb Code    34  stm32f4xx_rcc.o(.text)
    RCC_APB1PeriphResetCmd                   0x08001059   Thumb Code    34  stm32f4xx_rcc.o(.text)
    RCC_APB2PeriphResetCmd                   0x0800107b   Thumb Code    34  stm32f4xx_rcc.o(.text)
    RCC_AHB1PeriphClockLPModeCmd             0x0800109d   Thumb Code    34  stm32f4xx_rcc.o(.text)
    RCC_AHB2PeriphClockLPModeCmd             0x080010bf   Thumb Code    34  stm32f4xx_rcc.o(.text)
    RCC_AHB3PeriphClockLPModeCmd             0x080010e1   Thumb Code    34  stm32f4xx_rcc.o(.text)
    RCC_APB1PeriphClockLPModeCmd             0x08001103   Thumb Code    34  stm32f4xx_rcc.o(.text)
    RCC_APB2PeriphClockLPModeCmd             0x08001125   Thumb Code    34  stm32f4xx_rcc.o(.text)
    RCC_LSEModeConfig                        0x08001147   Thumb Code    40  stm32f4xx_rcc.o(.text)
    RCC_ITConfig                             0x0800116f   Thumb Code    34  stm32f4xx_rcc.o(.text)
    RCC_ClearFlag                            0x08001191   Thumb Code    18  stm32f4xx_rcc.o(.text)
    RCC_GetITStatus                          0x080011a3   Thumb Code    22  stm32f4xx_rcc.o(.text)
    RCC_ClearITPendingBit                    0x080011b9   Thumb Code     8  stm32f4xx_rcc.o(.text)
    TIM_DeInit                               0x080011c5   Thumb Code   346  stm32f4xx_tim.o(.text)
    TIM_TimeBaseInit                         0x0800131f   Thumb Code   104  stm32f4xx_tim.o(.text)
    TIM_TimeBaseStructInit                   0x08001387   Thumb Code    18  stm32f4xx_tim.o(.text)
    TIM_PrescalerConfig                      0x08001399   Thumb Code     6  stm32f4xx_tim.o(.text)
    TIM_CounterModeConfig                    0x0800139f   Thumb Code    18  stm32f4xx_tim.o(.text)
    TIM_SetCounter                           0x080013b1   Thumb Code     4  stm32f4xx_tim.o(.text)
    TIM_SetAutoreload                        0x080013b5   Thumb Code     4  stm32f4xx_tim.o(.text)
    TIM_GetCounter                           0x080013b9   Thumb Code     6  stm32f4xx_tim.o(.text)
    TIM_GetPrescaler                         0x080013bf   Thumb Code     6  stm32f4xx_tim.o(.text)
    TIM_UpdateDisableConfig                  0x080013c5   Thumb Code    24  stm32f4xx_tim.o(.text)
    TIM_UpdateRequestConfig                  0x080013dd   Thumb Code    24  stm32f4xx_tim.o(.text)
    TIM_ARRPreloadConfig                     0x080013f5   Thumb Code    24  stm32f4xx_tim.o(.text)
    TIM_SelectOnePulseMode                   0x0800140d   Thumb Code    18  stm32f4xx_tim.o(.text)
    TIM_SetClockDivision                     0x0800141f   Thumb Code    18  stm32f4xx_tim.o(.text)
    TIM_Cmd                                  0x08001431   Thumb Code    24  stm32f4xx_tim.o(.text)
    TIM_OC1Init                              0x08001449   Thumb Code   114  stm32f4xx_tim.o(.text)
    TIM_OC2Init                              0x080014bb   Thumb Code   154  stm32f4xx_tim.o(.text)
    TIM_OC3Init                              0x08001555   Thumb Code   204  stm32f4xx_tim.o(.text)
    TIM_OC4Init                              0x08001621   Thumb Code   112  stm32f4xx_tim.o(.text)
    TIM_OCStructInit                         0x08001691   Thumb Code    20  stm32f4xx_tim.o(.text)
    TIM_SelectOCxM                           0x080016a5   Thumb Code    86  stm32f4xx_tim.o(.text)
    TIM_SetCompare1                          0x080016fb   Thumb Code     4  stm32f4xx_tim.o(.text)
    TIM_SetCompare2                          0x080016ff   Thumb Code     4  stm32f4xx_tim.o(.text)
    TIM_SetCompare3                          0x08001703   Thumb Code     4  stm32f4xx_tim.o(.text)
    TIM_SetCompare4                          0x08001707   Thumb Code     4  stm32f4xx_tim.o(.text)
    TIM_ForcedOC1Config                      0x0800170b   Thumb Code    18  stm32f4xx_tim.o(.text)
    TIM_ForcedOC2Config                      0x0800171d   Thumb Code    26  stm32f4xx_tim.o(.text)
    TIM_ForcedOC3Config                      0x08001737   Thumb Code    18  stm32f4xx_tim.o(.text)
    TIM_ForcedOC4Config                      0x08001749   Thumb Code    26  stm32f4xx_tim.o(.text)
    TIM_OC1PreloadConfig                     0x08001763   Thumb Code    18  stm32f4xx_tim.o(.text)
    TIM_OC2PreloadConfig                     0x08001775   Thumb Code    26  stm32f4xx_tim.o(.text)
    TIM_OC3PreloadConfig                     0x0800178f   Thumb Code    18  stm32f4xx_tim.o(.text)
    TIM_OC4PreloadConfig                     0x080017a1   Thumb Code    26  stm32f4xx_tim.o(.text)
    TIM_OC1FastConfig                        0x080017bb   Thumb Code    18  stm32f4xx_tim.o(.text)
    TIM_OC2FastConfig                        0x080017cd   Thumb Code    26  stm32f4xx_tim.o(.text)
    TIM_OC3FastConfig                        0x080017e7   Thumb Code    18  stm32f4xx_tim.o(.text)
    TIM_OC4FastConfig                        0x080017f9   Thumb Code    26  stm32f4xx_tim.o(.text)
    TIM_ClearOC1Ref                          0x08001813   Thumb Code    18  stm32f4xx_tim.o(.text)
    TIM_ClearOC2Ref                          0x08001825   Thumb Code    24  stm32f4xx_tim.o(.text)
    TIM_ClearOC3Ref                          0x0800183d   Thumb Code    18  stm32f4xx_tim.o(.text)
    TIM_ClearOC4Ref                          0x0800184f   Thumb Code    24  stm32f4xx_tim.o(.text)
    TIM_OC1PolarityConfig                    0x08001867   Thumb Code    18  stm32f4xx_tim.o(.text)
    TIM_OC1NPolarityConfig                   0x08001879   Thumb Code    18  stm32f4xx_tim.o(.text)
    TIM_OC2PolarityConfig                    0x0800188b   Thumb Code    26  stm32f4xx_tim.o(.text)
    TIM_OC2NPolarityConfig                   0x080018a5   Thumb Code    26  stm32f4xx_tim.o(.text)
    TIM_OC3PolarityConfig                    0x080018bf   Thumb Code    26  stm32f4xx_tim.o(.text)
    TIM_OC3NPolarityConfig                   0x080018d9   Thumb Code    26  stm32f4xx_tim.o(.text)
    TIM_OC4PolarityConfig                    0x080018f3   Thumb Code    26  stm32f4xx_tim.o(.text)
    TIM_CCxCmd                               0x0800190d   Thumb Code    30  stm32f4xx_tim.o(.text)
    TIM_CCxNCmd                              0x0800192b   Thumb Code    30  stm32f4xx_tim.o(.text)
    TIM_SetIC4Prescaler                      0x08001949   Thumb Code    26  stm32f4xx_tim.o(.text)
    TIM_SetIC3Prescaler                      0x080019b3   Thumb Code    18  stm32f4xx_tim.o(.text)
    TIM_SetIC2Prescaler                      0x08001a0d   Thumb Code    26  stm32f4xx_tim.o(.text)
    TIM_SetIC1Prescaler                      0x08001a81   Thumb Code    18  stm32f4xx_tim.o(.text)
    TIM_ICInit                               0x08001acd   Thumb Code   110  stm32f4xx_tim.o(.text)
    TIM_ICStructInit                         0x08001b3b   Thumb Code    18  stm32f4xx_tim.o(.text)
    TIM_PWMIConfig                           0x08001b4d   Thumb Code   124  stm32f4xx_tim.o(.text)
    TIM_GetCapture1                          0x08001bc9   Thumb Code     6  stm32f4xx_tim.o(.text)
    TIM_GetCapture2                          0x08001bcf   Thumb Code     6  stm32f4xx_tim.o(.text)
    TIM_GetCapture3                          0x08001bd5   Thumb Code     6  stm32f4xx_tim.o(.text)
    TIM_GetCapture4                          0x08001bdb   Thumb Code     6  stm32f4xx_tim.o(.text)
    TIM_BDTRConfig                           0x08001be1   Thumb Code    32  stm32f4xx_tim.o(.text)
    TIM_BDTRStructInit                       0x08001c01   Thumb Code    18  stm32f4xx_tim.o(.text)
    TIM_CtrlPWMOutputs                       0x08001c13   Thumb Code    30  stm32f4xx_tim.o(.text)
    TIM_SelectCOM                            0x08001c31   Thumb Code    24  stm32f4xx_tim.o(.text)
    TIM_CCPreloadControl                     0x08001c49   Thumb Code    24  stm32f4xx_tim.o(.text)
    TIM_ITConfig                             0x08001c61   Thumb Code    18  stm32f4xx_tim.o(.text)
    TIM_GenerateEvent                        0x08001c73   Thumb Code     4  stm32f4xx_tim.o(.text)
    TIM_GetFlagStatus                        0x08001c77   Thumb Code    18  stm32f4xx_tim.o(.text)
    TIM_ClearFlag                            0x08001c89   Thumb Code     6  stm32f4xx_tim.o(.text)
    TIM_GetITStatus                          0x08001c8f   Thumb Code    34  stm32f4xx_tim.o(.text)
    TIM_ClearITPendingBit                    0x08001cb1   Thumb Code     6  stm32f4xx_tim.o(.text)
    TIM_DMAConfig                            0x08001cb7   Thumb Code    10  stm32f4xx_tim.o(.text)
    TIM_DMACmd                               0x08001cc1   Thumb Code    18  stm32f4xx_tim.o(.text)
    TIM_SelectCCDMA                          0x08001cd3   Thumb Code    24  stm32f4xx_tim.o(.text)
    TIM_InternalClockConfig                  0x08001ceb   Thumb Code    12  stm32f4xx_tim.o(.text)
    TIM_SelectInputTrigger                   0x08001cf7   Thumb Code    18  stm32f4xx_tim.o(.text)
    TIM_ITRxExternalClockConfig              0x08001d09   Thumb Code    24  stm32f4xx_tim.o(.text)
    TIM_TIxExternalClockConfig               0x08001d21   Thumb Code    62  stm32f4xx_tim.o(.text)
    TIM_ETRConfig                            0x08001d5f   Thumb Code    28  stm32f4xx_tim.o(.text)
    TIM_ETRClockMode1Config                  0x08001d7b   Thumb Code    54  stm32f4xx_tim.o(.text)
    TIM_ETRClockMode2Config                  0x08001db1   Thumb Code    32  stm32f4xx_tim.o(.text)
    TIM_SelectOutputTrigger                  0x08001dd1   Thumb Code    18  stm32f4xx_tim.o(.text)
    TIM_SelectSlaveMode                      0x08001de3   Thumb Code    18  stm32f4xx_tim.o(.text)
    TIM_SelectMasterSlaveMode                0x08001df5   Thumb Code    18  stm32f4xx_tim.o(.text)
    TIM_EncoderInterfaceConfig               0x08001e07   Thumb Code    66  stm32f4xx_tim.o(.text)
    TIM_SelectHallSensor                     0x08001e49   Thumb Code    24  stm32f4xx_tim.o(.text)
    TIM_RemapConfig                          0x08001e61   Thumb Code     6  stm32f4xx_tim.o(.text)
    USART_DeInit                             0x08001e69   Thumb Code   206  stm32f4xx_usart.o(.text)
    USART_Init                               0x08001f37   Thumb Code   204  stm32f4xx_usart.o(.text)
    USART_StructInit                         0x08002003   Thumb Code    24  stm32f4xx_usart.o(.text)
    USART_ClockInit                          0x0800201b   Thumb Code    32  stm32f4xx_usart.o(.text)
    USART_ClockStructInit                    0x0800203b   Thumb Code    12  stm32f4xx_usart.o(.text)
    USART_Cmd                                0x08002047   Thumb Code    24  stm32f4xx_usart.o(.text)
    USART_SetPrescaler                       0x0800205f   Thumb Code    16  stm32f4xx_usart.o(.text)
    USART_OverSampling8Cmd                   0x0800206f   Thumb Code    22  stm32f4xx_usart.o(.text)
    USART_OneBitMethodCmd                    0x08002085   Thumb Code    24  stm32f4xx_usart.o(.text)
    USART_SendData                           0x0800209d   Thumb Code     8  stm32f4xx_usart.o(.text)
    USART_ReceiveData                        0x080020a5   Thumb Code    10  stm32f4xx_usart.o(.text)
    USART_SetAddress                         0x080020af   Thumb Code    18  stm32f4xx_usart.o(.text)
    USART_ReceiverWakeUpCmd                  0x080020c1   Thumb Code    24  stm32f4xx_usart.o(.text)
    USART_WakeUpConfig                       0x080020d9   Thumb Code    18  stm32f4xx_usart.o(.text)
    USART_LINBreakDetectLengthConfig         0x080020eb   Thumb Code    18  stm32f4xx_usart.o(.text)
    USART_LINCmd                             0x080020fd   Thumb Code    24  stm32f4xx_usart.o(.text)
    USART_SendBreak                          0x08002115   Thumb Code    10  stm32f4xx_usart.o(.text)
    USART_HalfDuplexCmd                      0x0800211f   Thumb Code    24  stm32f4xx_usart.o(.text)
    USART_SetGuardTime                       0x08002137   Thumb Code    16  stm32f4xx_usart.o(.text)
    USART_SmartCardCmd                       0x08002147   Thumb Code    24  stm32f4xx_usart.o(.text)
    USART_SmartCardNACKCmd                   0x0800215f   Thumb Code    24  stm32f4xx_usart.o(.text)
    USART_IrDAConfig                         0x08002177   Thumb Code    18  stm32f4xx_usart.o(.text)
    USART_IrDACmd                            0x08002189   Thumb Code    24  stm32f4xx_usart.o(.text)
    USART_DMACmd                             0x080021a1   Thumb Code    18  stm32f4xx_usart.o(.text)
    USART_ITConfig                           0x080021b3   Thumb Code    74  stm32f4xx_usart.o(.text)
    USART_GetFlagStatus                      0x080021fd   Thumb Code    26  stm32f4xx_usart.o(.text)
    USART_ClearFlag                          0x08002217   Thumb Code    18  stm32f4xx_usart.o(.text)
    USART_GetITStatus                        0x08002229   Thumb Code   118  stm32f4xx_usart.o(.text)
    USART_ClearITPendingBit                  0x0800229f   Thumb Code    30  stm32f4xx_usart.o(.text)
    delay_init                               0x080022bd   Thumb Code    52  delay.o(.text)
    delay_us                                 0x080022f1   Thumb Code    72  delay.o(.text)
    delay_xms                                0x08002339   Thumb Code    72  delay.o(.text)
    delay_ms                                 0x08002381   Thumb Code    56  delay.o(.text)
    _sys_exit                                0x080023c1   Thumb Code     4  usart.o(.text)
    fputc                                    0x080023c5   Thumb Code    24  usart.o(.text)
    USART1_Init                              0x080023dd   Thumb Code   166  usart.o(.text)
    USART1_SetState                          0x08002483   Thumb Code    36  usart.o(.text)
    USART2_Init                              0x080024a7   Thumb Code   162  usart.o(.text)
    USART2_SetState                          0x08002549   Thumb Code    14  usart.o(.text)
    USART3_Init                              0x08002557   Thumb Code   184  usart.o(.text)
    USART3_SetState                          0x0800260f   Thumb Code    36  usart.o(.text)
    UART4_Init                               0x08002633   Thumb Code   164  usart.o(.text)
    UART4_SetState                           0x080026d7   Thumb Code    36  usart.o(.text)
    UART5_Init                               0x080026fb   Thumb Code   222  usart.o(.text)
    UART5_SetState                           0x080027d9   Thumb Code    36  usart.o(.text)
    SendByte                                 0x080027fd   Thumb Code    30  usart.o(.text)
    SendString                               0x0800281b   Thumb Code    26  usart.o(.text)
    USART6_Init                              0x08002835   Thumb Code   184  usart.o(.text)
    USART6_SetState                          0x080028ed   Thumb Code    36  usart.o(.text)
    LogRead                                  0x0800291d   Thumb Code     6  logsystem.o(.text)
    LogWrite                                 0x08002923   Thumb Code    44  logsystem.o(.text)
    LogClear                                 0x0800294f   Thumb Code    12  logsystem.o(.text)
    Motor_Init                               0x08002969   Thumb Code   288  motor.o(.text)
    Motor_SetOuput                           0x08002a89   Thumb Code   192  motor.o(.text)
    Motor_ReadOutput                         0x08002b49   Thumb Code    28  motor.o(.text)
    Action_JUSTgo                            0x08002b65   Thumb Code    24  motor.o(.text)
    set_bound                                0x08002b91   Thumb Code   260  mlx90640.o(.text)
    set_refresh                              0x08002c95   Thumb Code   370  mlx90640.o(.text)
    save_command                             0x08002e07   Thumb Code    92  mlx90640.o(.text)
    data_processing                          0x08002e63   Thumb Code   370  mlx90640.o(.text)
    uart5_init                               0x08002fd5   Thumb Code   180  mlx90640.o(.text)
    UART5_IRQHandler                         0x08003089   Thumb Code   498  mlx90640.o(.text)
    uart4_init                               0x080032ad   Thumb Code   160  air.o(.text)
    USART2_IRQHandler                        0x0800334d   Thumb Code   276  air.o(.text)
    Duoji_board_Init                         0x08003491   Thumb Code    12  duoji_board.o(.text)
    Duoji_board_SendByte                     0x0800349d   Thumb Code    28  duoji_board.o(.text)
    Duoji_board_SendArray                    0x080034b9   Thumb Code    26  duoji_board.o(.text)
    Duoji_board_SendString                   0x080034d3   Thumb Code    26  duoji_board.o(.text)
    Duoji_board_Pow                          0x080034ed   Thumb Code    20  duoji_board.o(.text)
    Duoji_board_SendNumber                   0x08003501   Thumb Code    58  duoji_board.o(.text)
    Duoji_board_Printf                       0x0800353b   Thumb Code    36  duoji_board.o(.text)
    Duoji_board_GetRxFlag                    0x0800355f   Thumb Code    22  duoji_board.o(.text)
    Duoji_board_GetRxData                    0x08003575   Thumb Code     6  duoji_board.o(.text)
    Servo_Init                               0x08003589   Thumb Code   364  servo.o(.text)
    Servo_SetDuty                            0x080036f5   Thumb Code    38  servo.o(.text)
    Servo_ReadOutput                         0x0800371b   Thumb Code   100  servo.o(.text)
    Action_ServoSetState                     0x0800377f   Thumb Code    54  servo.o(.text)
    Action_IronArm_Start                     0x080037b5   Thumb Code    28  servo.o(.text)
    Action_IronArm_End                       0x080037d1   Thumb Code    28  servo.o(.text)
    Speaker_Init                             0x08003805   Thumb Code   144  speaker.o(.text)
    Speaker_Play                             0x08003895   Thumb Code   310  speaker.o(.text)
    Water_Init                               0x080039d5   Thumb Code    54  water.o(.text)
    Water_on                                 0x08003a0b   Thumb Code    12  water.o(.text)
    Water_off                                0x08003a17   Thumb Code    12  water.o(.text)
    Board_Init                               0x08003a29   Thumb Code    12  board.o(.text)
    Board_SendByte                           0x08003a35   Thumb Code    28  board.o(.text)
    Board_SendArray                          0x08003a51   Thumb Code    26  board.o(.text)
    Board_SendString                         0x08003a6b   Thumb Code    26  board.o(.text)
    Board_Pow                                0x08003a85   Thumb Code    20  board.o(.text)
    Board_SendNumber                         0x08003a99   Thumb Code    58  board.o(.text)
    Board_Printf                             0x08003ad3   Thumb Code    36  board.o(.text)
    Board_GetRxFlag                          0x08003af7   Thumb Code    22  board.o(.text)
    Board_GetRxData                          0x08003b0d   Thumb Code     6  board.o(.text)
    HC05_Init                                0x08003b21   Thumb Code    12  hc05.o(.text)
    HC05_SendByte                            0x08003b2d   Thumb Code    28  hc05.o(.text)
    HC05_SendArray                           0x08003b49   Thumb Code    26  hc05.o(.text)
    HC05_SendString                          0x08003b63   Thumb Code    26  hc05.o(.text)
    HC05_Pow                                 0x08003b7d   Thumb Code    20  hc05.o(.text)
    HC05_SendNumber                          0x08003b91   Thumb Code    58  hc05.o(.text)
    HC05_Printf                              0x08003bcb   Thumb Code    36  hc05.o(.text)
    HC05_GetRxFlag                           0x08003bef   Thumb Code    22  hc05.o(.text)
    HC05_GetRxData                           0x08003c05   Thumb Code     6  hc05.o(.text)
    __use_no_semihosting                     0x08003c19   Thumb Code     2  use_no_semi_2.o(.text)
    vsprintf                                 0x08003c1d   Thumb Code    32  vsprintf.o(.text)
    __use_two_region_memory                  0x08003c41   Thumb Code     2  heapauxi.o(.text)
    __rt_heap_escrow$2region                 0x08003c43   Thumb Code     2  heapauxi.o(.text)
    __rt_heap_expand$2region                 0x08003c45   Thumb Code     2  heapauxi.o(.text)
    __I$use$semihosting                      0x08003c47   Thumb Code     0  use_no_semi.o(.text)
    __use_no_semihosting_swi                 0x08003c47   Thumb Code     2  use_no_semi.o(.text)
    _printf_pre_padding                      0x08003c49   Thumb Code    44  _printf_pad.o(.text)
    _printf_post_padding                     0x08003c75   Thumb Code    34  _printf_pad.o(.text)
    _printf_truncate_signed                  0x08003c97   Thumb Code    18  _printf_truncate.o(.text)
    _printf_truncate_unsigned                0x08003ca9   Thumb Code    18  _printf_truncate.o(.text)
    _printf_str                              0x08003cbb   Thumb Code    82  _printf_str.o(.text)
    _printf_int_dec                          0x08003d0d   Thumb Code   104  _printf_dec.o(.text)
    _printf_charcount                        0x08003d85   Thumb Code    40  _printf_charcount.o(.text)
    _printf_char_common                      0x08003db7   Thumb Code    32  _printf_char_common.o(.text)
    _sputc                                   0x08003ddd   Thumb Code    10  _sputc.o(.text)
    _printf_wctomb                           0x08003de9   Thumb Code   182  _printf_wctomb.o(.text)
    _printf_longlong_dec                     0x08003ea5   Thumb Code   108  _printf_longlong_dec.o(.text)
    _printf_longlong_oct                     0x08003f21   Thumb Code    66  _printf_oct_int_ll.o(.text)
    _printf_int_oct                          0x08003f63   Thumb Code    24  _printf_oct_int_ll.o(.text)
    _printf_ll_oct                           0x08003f7b   Thumb Code    12  _printf_oct_int_ll.o(.text)
    _printf_longlong_hex                     0x08003f91   Thumb Code    86  _printf_hex_int_ll_ptr.o(.text)
    _printf_int_hex                          0x08003fe7   Thumb Code    28  _printf_hex_int_ll_ptr.o(.text)
    _printf_ll_hex                           0x08004003   Thumb Code    12  _printf_hex_int_ll_ptr.o(.text)
    _printf_hex_ptr                          0x0800400f   Thumb Code    18  _printf_hex_int_ll_ptr.o(.text)
    __printf                                 0x08004025   Thumb Code   388  __printf_flags_ss_wp.o(.text)
    _ll_udiv10                               0x080041ad   Thumb Code   138  lludiv10.o(.text)
    _printf_int_common                       0x08004237   Thumb Code   178  _printf_intcommon.o(.text)
    __lib_sel_fp_printf                      0x080042e9   Thumb Code     2  _printf_fp_dec.o(.text)
    _printf_fp_dec_real                      0x0800449b   Thumb Code   620  _printf_fp_dec.o(.text)
    _printf_fp_hex_real                      0x08004709   Thumb Code   756  _printf_fp_hex.o(.text)
    _printf_cs_common                        0x08004a05   Thumb Code    20  _printf_char.o(.text)
    _printf_char                             0x08004a19   Thumb Code    16  _printf_char.o(.text)
    _printf_string                           0x08004a29   Thumb Code     8  _printf_char.o(.text)
    _printf_lcs_common                       0x08004a31   Thumb Code    20  _printf_wchar.o(.text)
    _printf_wchar                            0x08004a45   Thumb Code    16  _printf_wchar.o(.text)
    _printf_wstring                          0x08004a55   Thumb Code     8  _printf_wchar.o(.text)
    _wcrtomb                                 0x08004a5d   Thumb Code    64  _wcrtomb.o(.text)
    __user_setup_stackheap                   0x08004a9d   Thumb Code    74  sys_stackheap_outer.o(.text)
    __rt_ctype_table                         0x08004ae9   Thumb Code    16  rt_ctype_table.o(.text)
    __rt_locale                              0x08004af9   Thumb Code     8  rt_locale_intlibspace.o(.text)
    _printf_fp_infnan                        0x08004b01   Thumb Code   112  _printf_fp_infnan.o(.text)
    _btod_etento                             0x08004b81   Thumb Code   224  bigflt0.o(.text)
    exit                                     0x08004c65   Thumb Code    18  exit.o(.text)
    __user_libspace                          0x08004c79   Thumb Code     8  libspace.o(.text)
    __user_perproc_libspace                  0x08004c79   Thumb Code     0  libspace.o(.text)
    __user_perthread_libspace                0x08004c79   Thumb Code     0  libspace.o(.text)
    strcmp                                   0x08004c81   Thumb Code   128  strcmpv7m.o(.text)
    _btod_d2e                                0x08004d01   Thumb Code    62  btod.o(CL$$btod_d2e)
    _d2e_denorm_low                          0x08004d3f   Thumb Code    70  btod.o(CL$$btod_d2e_denorm_low)
    _d2e_norm_op1                            0x08004d85   Thumb Code    96  btod.o(CL$$btod_d2e_norm_op1)
    __btod_div_common                        0x08004de5   Thumb Code   696  btod.o(CL$$btod_div_common)
    _e2e                                     0x0800511d   Thumb Code   220  btod.o(CL$$btod_e2e)
    _btod_ediv                               0x080051f9   Thumb Code    42  btod.o(CL$$btod_ediv)
    _btod_emul                               0x08005223   Thumb Code    42  btod.o(CL$$btod_emul)
    __btod_mult_common                       0x0800524d   Thumb Code   580  btod.o(CL$$btod_mult_common)
    __ARM_fpclassify                         0x08005491   Thumb Code    48  fpclassify.o(i.__ARM_fpclassify)
    _is_digit                                0x080054c1   Thumb Code    14  __printf_wp.o(i._is_digit)
    _get_lc_numeric                          0x080054d1   Thumb Code    44  lc_numeric_c.o(locale$$code)
    _get_lc_ctype                            0x080054fd   Thumb Code    44  lc_ctype_c.o(locale$$code)
    __fpl_dcmp_Inf                           0x08005529   Thumb Code    24  dcmpi.o(x$fpl$dcmpinf)
    __aeabi_cdcmpeq                          0x08005541   Thumb Code     0  deqf.o(x$fpl$deqf)
    _dcmpeq                                  0x08005541   Thumb Code   120  deqf.o(x$fpl$deqf)
    __fpl_dnaninf                            0x080055b9   Thumb Code   156  dnaninf.o(x$fpl$dnaninf)
    __fpl_dretinf                            0x08005655   Thumb Code    12  dretinf.o(x$fpl$dretinf)
    __aeabi_f2d                              0x08005661   Thumb Code     0  f2d.o(x$fpl$f2d)
    _f2d                                     0x08005661   Thumb Code    86  f2d.o(x$fpl$f2d)
    __fpl_fnaninf                            0x080056b7   Thumb Code   140  fnaninf.o(x$fpl$fnaninf)
    _fp_init                                 0x08005743   Thumb Code    10  fpinit.o(x$fpl$fpinit)
    __fplib_config_fpu_vfp                   0x0800574b   Thumb Code     0  fpinit.o(x$fpl$fpinit)
    __fplib_config_pureend_doubles           0x0800574b   Thumb Code     0  fpinit.o(x$fpl$fpinit)
    _printf_fp_dec                           0x0800574d   Thumb Code     4  printf1.o(x$fpl$printf1)
    _printf_fp_hex                           0x08005751   Thumb Code     4  printf2.o(x$fpl$printf2)
    __I$use$fp                               0x08005754   Number         0  usenofp.o(x$fpl$usenofp)
    camColors                                0x08005754   Data         512  mlx90640.o(.constdata)
    Region$$Table$$Base                      0x08005a50   Number         0  anon$$obj.o(Region$$Table)
    Region$$Table$$Limit                     0x08005a70   Number         0  anon$$obj.o(Region$$Table)
    __ctype                                  0x08005a99   Data           0  lc_ctype_c.o(locale$$data)
    pitch                                    0x20000000   Data           4  main.o(.data)
    roll                                     0x20000004   Data           4  main.o(.data)
    yaw                                      0x20000008   Data           4  main.o(.data)
    aacx                                     0x2000000c   Data           2  main.o(.data)
    aacy                                     0x2000000e   Data           2  main.o(.data)
    aacz                                     0x20000010   Data           2  main.o(.data)
    gyrox                                    0x20000012   Data           2  main.o(.data)
    gyroy                                    0x20000014   Data           2  main.o(.data)
    gyroz                                    0x20000016   Data           2  main.o(.data)
    Encoder_Left                             0x20000018   Data           4  main.o(.data)
    Encoder_Right                            0x2000001c   Data           4  main.o(.data)
    Flag_Stop                                0x20000020   Data           4  main.o(.data)
    CO2_Date                                 0x20000024   Data           4  main.o(.data)
    CH2O_Date                                0x20000028   Data           1  main.o(.data)
    TVOC_Date                                0x20000029   Data           1  main.o(.data)
    PM2_5                                    0x2000002a   Data           1  main.o(.data)
    PM10                                     0x2000002b   Data           1  main.o(.data)
    Temperature                              0x2000002c   Data           1  main.o(.data)
    Temperature_point                        0x2000002d   Data           1  main.o(.data)
    Humidity                                 0x2000002e   Data           1  main.o(.data)
    Humidity_point                           0x2000002f   Data           1  main.o(.data)
    UV_Index                                 0x20000030   Data           1  main.o(.data)
    temp_voice                               0x20000034   Data           4  main.o(.data)
    humid_voice                              0x20000038   Data           4  main.o(.data)
    Moto1                                    0x2000003c   Data           4  main.o(.data)
    Moto2                                    0x20000040   Data           4  main.o(.data)
    Angle1                                   0x20000044   Data           4  main.o(.data)
    Angle2                                   0x20000048   Data           4  main.o(.data)
    Angle3                                   0x2000004c   Data           4  main.o(.data)
    humidness                                0x20000050   Data           4  main.o(.data)
    air_concentration_h                      0x20000054   Data           4  main.o(.data)
    air_concentration_l                      0x20000058   Data           4  main.o(.data)
    next_point                               0x2000005c   Data           4  main.o(.data)
    before_point                             0x20000060   Data           4  main.o(.data)
    Battry_Volt                              0x20000064   Data           4  main.o(.data)
    action_mode                              0x20000068   Data           4  main.o(.data)
    charge_status                            0x2000006c   Data           4  main.o(.data)
    plat_state                               0x20000070   Data           4  main.o(.data)
    temp                                     0x20000074   Data           4  main.o(.data)
    actmode                                  0x20000078   Data           1  main.o(.data)
    te_count                                 0x2000007c   Data           4  main.o(.data)
    te_count1                                0x20000080   Data           4  main.o(.data)
    te_count3                                0x20000084   Data           4  main.o(.data)
    temper                                   0x20000088   Data           4  main.o(.data)
    humidn                                   0x2000008c   Data           4  main.o(.data)
    testwin                                  0x20000090   Data           1  main.o(.data)
    comdatest                                0x20000091   Data           1  main.o(.data)
    SystemCoreClock                          0x20000094   Data           4  system_stm32f4xx.o(.data)
    AHBPrescTable                            0x20000098   Data          16  system_stm32f4xx.o(.data)
    LogHisIndex                              0x200000c0   Data           1  logsystem.o(.data)
    MAX_temperature                          0x200000c4   Data           2  mlx90640.o(.data)
    MIN_temperature                          0x200000c6   Data           2  mlx90640.o(.data)
    Data_get_ready                           0x200000c8   Data           1  mlx90640.o(.data)
    Uart4_Rx                                 0x200000d1   Data           1  air.o(.data)
    Uart4_Tx                                 0x200000d2   Data           1  air.o(.data)
    Uart4_Len                                0x200000d3   Data           1  air.o(.data)
    Uart4_Sta                                0x200000d4   Data           1  air.o(.data)
    recevie_falg                             0x200000d5   Data           1  air.o(.data)
    Duoji_board_RxData                       0x200000d8   Data           1  duoji_board.o(.data)
    Duoji_board_RxFlag                       0x200000d9   Data           1  duoji_board.o(.data)
    Board_RxData                             0x200000da   Data           1  board.o(.data)
    Board_RxFlag                             0x200000db   Data           1  board.o(.data)
    HC05_RxData                              0x200000dc   Data           1  hc05.o(.data)
    HC05_RxFlag                              0x200000dd   Data           1  hc05.o(.data)
    gyro                                     0x200000e0   Data          12  main.o(.bss)
    accel                                    0x200000ec   Data          12  main.o(.bss)
    ActBuff                                  0x200000f8   Data          25  main.o(.bss)
    LogHis                                   0x2000012c   Data          20  logsystem.o(.bss)
    scale_data                               0x20000140   Data         769  mlx90640.o(.bss)
    pailie1_data                             0x20000441   Data         769  mlx90640.o(.bss)
    pailie2_data                             0x20000742   Data         769  mlx90640.o(.bss)
    temperature_data                         0x20000a44   Data        1538  mlx90640.o(.bss)
    hongwai_pic                              0x20001046   Data        1538  mlx90640.o(.bss)
    Uart4_Buffer                             0x20001648   Data         200  air.o(.bss)
    __libspace_start                         0x20001738   Data          96  libspace.o(.bss)
    __temporary_stack_top$libspace           0x20001798   Data           0  libspace.o(.bss)



==============================================================================

Memory Map of the image

  Image Entry point : 0x08000189

  Load Region LR_IROM1 (Base: 0x08000000, Size: 0x00005c7c, Max: 0x00100000, ABSOLUTE)

    Execution Region ER_IROM1 (Exec base: 0x08000000, Load base: 0x08000000, Size: 0x00005b9c, Max: 0x00100000, ABSOLUTE)

    Exec Addr    Load Addr    Size         Type   Attr      Idx    E Section Name        Object

    0x08000000   0x08000000   0x00000188   Data   RO          278    RESET               startup_stm32f40_41xxx.o
    0x08000188   0x08000188   0x00000008   Code   RO         1454  * !!!main             c_w.l(__main.o)
    0x08000190   0x08000190   0x00000034   Code   RO         1787    !!!scatter          c_w.l(__scatter.o)
    0x080001c4   0x080001c4   0x0000001a   Code   RO         1789    !!handler_copy      c_w.l(__scatter_copy.o)
    0x080001de   0x080001de   0x00000002   PAD
    0x080001e0   0x080001e0   0x0000001c   Code   RO         1791    !!handler_zi        c_w.l(__scatter_zi.o)
    0x080001fc   0x080001fc   0x00000000   Code   RO         1544    .ARM.Collect$$_printf_percent$$00000000  c_w.l(_printf_percent.o)
    0x080001fc   0x080001fc   0x00000006   Code   RO         1533    .ARM.Collect$$_printf_percent$$00000001  c_w.l(_printf_n.o)
    0x08000202   0x08000202   0x00000006   Code   RO         1535    .ARM.Collect$$_printf_percent$$00000002  c_w.l(_printf_p.o)
    0x08000208   0x08000208   0x00000006   Code   RO         1540    .ARM.Collect$$_printf_percent$$00000003  c_w.l(_printf_f.o)
    0x0800020e   0x0800020e   0x00000006   Code   RO         1541    .ARM.Collect$$_printf_percent$$00000004  c_w.l(_printf_e.o)
    0x08000214   0x08000214   0x00000006   Code   RO         1542    .ARM.Collect$$_printf_percent$$00000005  c_w.l(_printf_g.o)
    0x0800021a   0x0800021a   0x00000006   Code   RO         1543    .ARM.Collect$$_printf_percent$$00000006  c_w.l(_printf_a.o)
    0x08000220   0x08000220   0x0000000a   Code   RO         1548    .ARM.Collect$$_printf_percent$$00000007  c_w.l(_printf_ll.o)
    0x0800022a   0x0800022a   0x00000006   Code   RO         1537    .ARM.Collect$$_printf_percent$$00000008  c_w.l(_printf_i.o)
    0x08000230   0x08000230   0x00000006   Code   RO         1538    .ARM.Collect$$_printf_percent$$00000009  c_w.l(_printf_d.o)
    0x08000236   0x08000236   0x00000006   Code   RO         1539    .ARM.Collect$$_printf_percent$$0000000A  c_w.l(_printf_u.o)
    0x0800023c   0x0800023c   0x00000006   Code   RO         1536    .ARM.Collect$$_printf_percent$$0000000B  c_w.l(_printf_o.o)
    0x08000242   0x08000242   0x00000006   Code   RO         1534    .ARM.Collect$$_printf_percent$$0000000C  c_w.l(_printf_x.o)
    0x08000248   0x08000248   0x00000006   Code   RO         1545    .ARM.Collect$$_printf_percent$$0000000D  c_w.l(_printf_lli.o)
    0x0800024e   0x0800024e   0x00000006   Code   RO         1546    .ARM.Collect$$_printf_percent$$0000000E  c_w.l(_printf_lld.o)
    0x08000254   0x08000254   0x00000006   Code   RO         1547    .ARM.Collect$$_printf_percent$$0000000F  c_w.l(_printf_llu.o)
    0x0800025a   0x0800025a   0x00000006   Code   RO         1552    .ARM.Collect$$_printf_percent$$00000010  c_w.l(_printf_llo.o)
    0x08000260   0x08000260   0x00000006   Code   RO         1553    .ARM.Collect$$_printf_percent$$00000011  c_w.l(_printf_llx.o)
    0x08000266   0x08000266   0x0000000a   Code   RO         1549    .ARM.Collect$$_printf_percent$$00000012  c_w.l(_printf_l.o)
    0x08000270   0x08000270   0x00000006   Code   RO         1531    .ARM.Collect$$_printf_percent$$00000013  c_w.l(_printf_c.o)
    0x08000276   0x08000276   0x00000006   Code   RO         1532    .ARM.Collect$$_printf_percent$$00000014  c_w.l(_printf_s.o)
    0x0800027c   0x0800027c   0x00000006   Code   RO         1550    .ARM.Collect$$_printf_percent$$00000015  c_w.l(_printf_lc.o)
    0x08000282   0x08000282   0x00000006   Code   RO         1551    .ARM.Collect$$_printf_percent$$00000016  c_w.l(_printf_ls.o)
    0x08000288   0x08000288   0x00000004   Code   RO         1601    .ARM.Collect$$_printf_percent$$00000017  c_w.l(_printf_percent_end.o)
    0x0800028c   0x0800028c   0x00000002   Code   RO         1650    .ARM.Collect$$libinit$$00000000  c_w.l(libinit.o)
    0x0800028e   0x0800028e   0x00000004   Code   RO         1665    .ARM.Collect$$libinit$$00000001  c_w.l(libinit2.o)
    0x08000292   0x08000292   0x00000000   Code   RO         1668    .ARM.Collect$$libinit$$00000004  c_w.l(libinit2.o)
    0x08000292   0x08000292   0x00000000   Code   RO         1671    .ARM.Collect$$libinit$$0000000A  c_w.l(libinit2.o)
    0x08000292   0x08000292   0x00000000   Code   RO         1673    .ARM.Collect$$libinit$$0000000C  c_w.l(libinit2.o)
    0x08000292   0x08000292   0x00000000   Code   RO         1675    .ARM.Collect$$libinit$$0000000E  c_w.l(libinit2.o)
    0x08000292   0x08000292   0x00000006   Code   RO         1676    .ARM.Collect$$libinit$$0000000F  c_w.l(libinit2.o)
    0x08000298   0x08000298   0x00000000   Code   RO         1678    .ARM.Collect$$libinit$$00000011  c_w.l(libinit2.o)
    0x08000298   0x08000298   0x0000000c   Code   RO         1679    .ARM.Collect$$libinit$$00000012  c_w.l(libinit2.o)
    0x080002a4   0x080002a4   0x00000000   Code   RO         1680    .ARM.Collect$$libinit$$00000013  c_w.l(libinit2.o)
    0x080002a4   0x080002a4   0x00000000   Code   RO         1682    .ARM.Collect$$libinit$$00000015  c_w.l(libinit2.o)
    0x080002a4   0x080002a4   0x0000000a   Code   RO         1683    .ARM.Collect$$libinit$$00000016  c_w.l(libinit2.o)
    0x080002ae   0x080002ae   0x00000000   Code   RO         1684    .ARM.Collect$$libinit$$00000017  c_w.l(libinit2.o)
    0x080002ae   0x080002ae   0x00000000   Code   RO         1686    .ARM.Collect$$libinit$$00000019  c_w.l(libinit2.o)
    0x080002ae   0x080002ae   0x00000000   Code   RO         1688    .ARM.Collect$$libinit$$0000001B  c_w.l(libinit2.o)
    0x080002ae   0x080002ae   0x00000000   Code   RO         1690    .ARM.Collect$$libinit$$0000001D  c_w.l(libinit2.o)
    0x080002ae   0x080002ae   0x00000000   Code   RO         1692    .ARM.Collect$$libinit$$0000001F  c_w.l(libinit2.o)
    0x080002ae   0x080002ae   0x00000000   Code   RO         1694    .ARM.Collect$$libinit$$00000021  c_w.l(libinit2.o)
    0x080002ae   0x080002ae   0x00000000   Code   RO         1696    .ARM.Collect$$libinit$$00000023  c_w.l(libinit2.o)
    0x080002ae   0x080002ae   0x00000000   Code   RO         1698    .ARM.Collect$$libinit$$00000025  c_w.l(libinit2.o)
    0x080002ae   0x080002ae   0x00000000   Code   RO         1702    .ARM.Collect$$libinit$$0000002C  c_w.l(libinit2.o)
    0x080002ae   0x080002ae   0x00000000   Code   RO         1704    .ARM.Collect$$libinit$$0000002E  c_w.l(libinit2.o)
    0x080002ae   0x080002ae   0x00000000   Code   RO         1706    .ARM.Collect$$libinit$$00000030  c_w.l(libinit2.o)
    0x080002ae   0x080002ae   0x00000000   Code   RO         1708    .ARM.Collect$$libinit$$00000032  c_w.l(libinit2.o)
    0x080002ae   0x080002ae   0x00000002   Code   RO         1709    .ARM.Collect$$libinit$$00000033  c_w.l(libinit2.o)
    0x080002b0   0x080002b0   0x00000002   Code   RO         1727    .ARM.Collect$$libshutdown$$00000000  c_w.l(libshutdown.o)
    0x080002b2   0x080002b2   0x00000000   Code   RO         1737    .ARM.Collect$$libshutdown$$00000002  c_w.l(libshutdown2.o)
    0x080002b2   0x080002b2   0x00000000   Code   RO         1739    .ARM.Collect$$libshutdown$$00000004  c_w.l(libshutdown2.o)
    0x080002b2   0x080002b2   0x00000000   Code   RO         1741    .ARM.Collect$$libshutdown$$00000006  c_w.l(libshutdown2.o)
    0x080002b2   0x080002b2   0x00000000   Code   RO         1744    .ARM.Collect$$libshutdown$$00000009  c_w.l(libshutdown2.o)
    0x080002b2   0x080002b2   0x00000000   Code   RO         1747    .ARM.Collect$$libshutdown$$0000000C  c_w.l(libshutdown2.o)
    0x080002b2   0x080002b2   0x00000000   Code   RO         1749    .ARM.Collect$$libshutdown$$0000000E  c_w.l(libshutdown2.o)
    0x080002b2   0x080002b2   0x00000000   Code   RO         1752    .ARM.Collect$$libshutdown$$00000011  c_w.l(libshutdown2.o)
    0x080002b2   0x080002b2   0x00000002   Code   RO         1753    .ARM.Collect$$libshutdown$$00000012  c_w.l(libshutdown2.o)
    0x080002b4   0x080002b4   0x00000000   Code   RO         1462    .ARM.Collect$$rtentry$$00000000  c_w.l(__rtentry.o)
    0x080002b4   0x080002b4   0x00000000   Code   RO         1572    .ARM.Collect$$rtentry$$00000002  c_w.l(__rtentry2.o)
    0x080002b4   0x080002b4   0x00000006   Code   RO         1584    .ARM.Collect$$rtentry$$00000004  c_w.l(__rtentry4.o)
    0x080002ba   0x080002ba   0x00000000   Code   RO         1574    .ARM.Collect$$rtentry$$00000009  c_w.l(__rtentry2.o)
    0x080002ba   0x080002ba   0x00000004   Code   RO         1575    .ARM.Collect$$rtentry$$0000000A  c_w.l(__rtentry2.o)
    0x080002be   0x080002be   0x00000000   Code   RO         1577    .ARM.Collect$$rtentry$$0000000C  c_w.l(__rtentry2.o)
    0x080002be   0x080002be   0x00000008   Code   RO         1578    .ARM.Collect$$rtentry$$0000000D  c_w.l(__rtentry2.o)
    0x080002c6   0x080002c6   0x00000002   Code   RO         1658    .ARM.Collect$$rtexit$$00000000  c_w.l(rtexit.o)
    0x080002c8   0x080002c8   0x00000000   Code   RO         1711    .ARM.Collect$$rtexit$$00000002  c_w.l(rtexit2.o)
    0x080002c8   0x080002c8   0x00000004   Code   RO         1712    .ARM.Collect$$rtexit$$00000003  c_w.l(rtexit2.o)
    0x080002cc   0x080002cc   0x00000006   Code   RO         1713    .ARM.Collect$$rtexit$$00000004  c_w.l(rtexit2.o)
    0x080002d2   0x080002d2   0x00000002   PAD
    0x080002d4   0x080002d4   0x000002b4   Code   RO            3    .text               main.o
    0x08000588   0x08000588   0x0000001a   Code   RO          203    .text               stm32f4xx_it.o
    0x080005a2   0x080005a2   0x00000002   PAD
    0x080005a4   0x080005a4   0x00000210   Code   RO          252    .text               system_stm32f4xx.o
    0x080007b4   0x080007b4   0x00000040   Code   RO          279    .text               startup_stm32f40_41xxx.o
    0x080007f4   0x080007f4   0x000000e0   Code   RO          285    .text               misc.o
    0x080008d4   0x080008d4   0x00000294   Code   RO          638    .text               stm32f4xx_gpio.o
    0x08000b68   0x08000b68   0x0000065c   Code   RO          801    .text               stm32f4xx_rcc.o
    0x080011c4   0x080011c4   0x00000ca2   Code   RO          946    .text               stm32f4xx_tim.o
    0x08001e66   0x08001e66   0x00000002   PAD
    0x08001e68   0x08001e68   0x00000454   Code   RO          966    .text               stm32f4xx_usart.o
    0x080022bc   0x080022bc   0x00000104   Code   RO         1006    .text               delay.o
    0x080023c0   0x080023c0   0x0000055c   Code   RO         1050    .text               usart.o
    0x0800291c   0x0800291c   0x0000004c   Code   RO         1083    .text               logsystem.o
    0x08002968   0x08002968   0x00000228   Code   RO         1118    .text               motor.o
    0x08002b90   0x08002b90   0x0000071c   Code   RO         1198    .text               mlx90640.o
    0x080032ac   0x080032ac   0x000001e4   Code   RO         1277    .text               air.o
    0x08003490   0x08003490   0x000000f8   Code   RO         1305    .text               duoji_board.o
    0x08003588   0x08003588   0x0000027c   Code   RO         1335    .text               servo.o
    0x08003804   0x08003804   0x000001d0   Code   RO         1355    .text               speaker.o
    0x080039d4   0x080039d4   0x00000054   Code   RO         1375    .text               water.o
    0x08003a28   0x08003a28   0x000000f8   Code   RO         1402    .text               board.o
    0x08003b20   0x08003b20   0x000000f8   Code   RO         1425    .text               hc05.o
    0x08003c18   0x08003c18   0x00000002   Code   RO         1448    .text               c_w.l(use_no_semi_2.o)
    0x08003c1a   0x08003c1a   0x00000002   PAD
    0x08003c1c   0x08003c1c   0x00000024   Code   RO         1450    .text               c_w.l(vsprintf.o)
    0x08003c40   0x08003c40   0x00000006   Code   RO         1452    .text               c_w.l(heapauxi.o)
    0x08003c46   0x08003c46   0x00000002   Code   RO         1460    .text               c_w.l(use_no_semi.o)
    0x08003c48   0x08003c48   0x0000004e   Code   RO         1465    .text               c_w.l(_printf_pad.o)
    0x08003c96   0x08003c96   0x00000024   Code   RO         1467    .text               c_w.l(_printf_truncate.o)
    0x08003cba   0x08003cba   0x00000052   Code   RO         1469    .text               c_w.l(_printf_str.o)
    0x08003d0c   0x08003d0c   0x00000078   Code   RO         1471    .text               c_w.l(_printf_dec.o)
    0x08003d84   0x08003d84   0x00000028   Code   RO         1473    .text               c_w.l(_printf_charcount.o)
    0x08003dac   0x08003dac   0x00000030   Code   RO         1475    .text               c_w.l(_printf_char_common.o)
    0x08003ddc   0x08003ddc   0x0000000a   Code   RO         1477    .text               c_w.l(_sputc.o)
    0x08003de6   0x08003de6   0x00000002   PAD
    0x08003de8   0x08003de8   0x000000bc   Code   RO         1479    .text               c_w.l(_printf_wctomb.o)
    0x08003ea4   0x08003ea4   0x0000007c   Code   RO         1482    .text               c_w.l(_printf_longlong_dec.o)
    0x08003f20   0x08003f20   0x00000070   Code   RO         1488    .text               c_w.l(_printf_oct_int_ll.o)
    0x08003f90   0x08003f90   0x00000094   Code   RO         1508    .text               c_w.l(_printf_hex_int_ll_ptr.o)
    0x08004024   0x08004024   0x00000188   Code   RO         1528    .text               c_w.l(__printf_flags_ss_wp.o)
    0x080041ac   0x080041ac   0x0000008a   Code   RO         1586    .text               c_w.l(lludiv10.o)
    0x08004236   0x08004236   0x000000b2   Code   RO         1588    .text               c_w.l(_printf_intcommon.o)
    0x080042e8   0x080042e8   0x0000041e   Code   RO         1590    .text               c_w.l(_printf_fp_dec.o)
    0x08004706   0x08004706   0x00000002   PAD
    0x08004708   0x08004708   0x000002fc   Code   RO         1592    .text               c_w.l(_printf_fp_hex.o)
    0x08004a04   0x08004a04   0x0000002c   Code   RO         1597    .text               c_w.l(_printf_char.o)
    0x08004a30   0x08004a30   0x0000002c   Code   RO         1599    .text               c_w.l(_printf_wchar.o)
    0x08004a5c   0x08004a5c   0x00000040   Code   RO         1602    .text               c_w.l(_wcrtomb.o)
    0x08004a9c   0x08004a9c   0x0000004a   Code   RO         1604    .text               c_w.l(sys_stackheap_outer.o)
    0x08004ae6   0x08004ae6   0x00000002   PAD
    0x08004ae8   0x08004ae8   0x00000010   Code   RO         1606    .text               c_w.l(rt_ctype_table.o)
    0x08004af8   0x08004af8   0x00000008   Code   RO         1611    .text               c_w.l(rt_locale_intlibspace.o)
    0x08004b00   0x08004b00   0x00000080   Code   RO         1613    .text               c_w.l(_printf_fp_infnan.o)
    0x08004b80   0x08004b80   0x000000e4   Code   RO         1615    .text               c_w.l(bigflt0.o)
    0x08004c64   0x08004c64   0x00000012   Code   RO         1643    .text               c_w.l(exit.o)
    0x08004c76   0x08004c76   0x00000002   PAD
    0x08004c78   0x08004c78   0x00000008   Code   RO         1655    .text               c_w.l(libspace.o)
    0x08004c80   0x08004c80   0x00000080   Code   RO         1663    .text               c_w.l(strcmpv7m.o)
    0x08004d00   0x08004d00   0x0000003e   Code   RO         1618    CL$$btod_d2e        c_w.l(btod.o)
    0x08004d3e   0x08004d3e   0x00000046   Code   RO         1620    CL$$btod_d2e_denorm_low  c_w.l(btod.o)
    0x08004d84   0x08004d84   0x00000060   Code   RO         1619    CL$$btod_d2e_norm_op1  c_w.l(btod.o)
    0x08004de4   0x08004de4   0x00000338   Code   RO         1628    CL$$btod_div_common  c_w.l(btod.o)
    0x0800511c   0x0800511c   0x000000dc   Code   RO         1625    CL$$btod_e2e        c_w.l(btod.o)
    0x080051f8   0x080051f8   0x0000002a   Code   RO         1622    CL$$btod_ediv       c_w.l(btod.o)
    0x08005222   0x08005222   0x0000002a   Code   RO         1621    CL$$btod_emul       c_w.l(btod.o)
    0x0800524c   0x0800524c   0x00000244   Code   RO         1627    CL$$btod_mult_common  c_w.l(btod.o)
    0x08005490   0x08005490   0x00000030   Code   RO         1653    i.__ARM_fpclassify  m_wm.l(fpclassify.o)
    0x080054c0   0x080054c0   0x0000000e   Code   RO         1521    i._is_digit         c_w.l(__printf_wp.o)
    0x080054ce   0x080054ce   0x00000002   PAD
    0x080054d0   0x080054d0   0x0000002c   Code   RO         1641    locale$$code        c_w.l(lc_numeric_c.o)
    0x080054fc   0x080054fc   0x0000002c   Code   RO         1661    locale$$code        c_w.l(lc_ctype_c.o)
    0x08005528   0x08005528   0x00000018   Code   RO         1554    x$fpl$dcmpinf       fz_wm.l(dcmpi.o)
    0x08005540   0x08005540   0x00000078   Code   RO         1456    x$fpl$deqf          fz_wm.l(deqf.o)
    0x080055b8   0x080055b8   0x0000009c   Code   RO         1556    x$fpl$dnaninf       fz_wm.l(dnaninf.o)
    0x08005654   0x08005654   0x0000000c   Code   RO         1558    x$fpl$dretinf       fz_wm.l(dretinf.o)
    0x08005660   0x08005660   0x00000056   Code   RO         1458    x$fpl$f2d           fz_wm.l(f2d.o)
    0x080056b6   0x080056b6   0x0000008c   Code   RO         1560    x$fpl$fnaninf       fz_wm.l(fnaninf.o)
    0x08005742   0x08005742   0x0000000a   Code   RO         1719    x$fpl$fpinit        fz_wm.l(fpinit.o)
    0x0800574c   0x0800574c   0x00000004   Code   RO         1562    x$fpl$printf1       fz_wm.l(printf1.o)
    0x08005750   0x08005750   0x00000004   Code   RO         1564    x$fpl$printf2       fz_wm.l(printf2.o)
    0x08005754   0x08005754   0x00000000   Code   RO         1570    x$fpl$usenofp       fz_wm.l(usenofp.o)
    0x08005754   0x08005754   0x00000200   Data   RO         1200    .constdata          mlx90640.o
    0x08005954   0x08005954   0x00000008   Data   RO         1480    .constdata          c_w.l(_printf_wctomb.o)
    0x0800595c   0x0800595c   0x00000028   Data   RO         1509    .constdata          c_w.l(_printf_hex_int_ll_ptr.o)
    0x08005984   0x08005984   0x00000011   Data   RO         1529    .constdata          c_w.l(__printf_flags_ss_wp.o)
    0x08005995   0x08005995   0x00000026   Data   RO         1593    .constdata          c_w.l(_printf_fp_hex.o)
    0x080059bb   0x080059bb   0x00000001   PAD
    0x080059bc   0x080059bc   0x00000094   Data   RO         1616    .constdata          c_w.l(bigflt0.o)
    0x08005a50   0x08005a50   0x00000020   Data   RO         1785    Region$$Table       anon$$obj.o
    0x08005a70   0x08005a70   0x0000001c   Data   RO         1640    locale$$data        c_w.l(lc_numeric_c.o)
    0x08005a8c   0x08005a8c   0x00000110   Data   RO         1660    locale$$data        c_w.l(lc_ctype_c.o)


    Execution Region RW_IRAM1 (Exec base: 0x20000000, Load base: 0x08005b9c, Size: 0x00001d98, Max: 0x00020000, ABSOLUTE)

    Exec Addr    Load Addr    Size         Type   Attr      Idx    E Section Name        Object

    0x20000000   0x08005b9c   0x00000094   Data   RW            5    .data               main.o
    0x20000094   0x08005c30   0x00000014   Data   RW          253    .data               system_stm32f4xx.o
    0x200000a8   0x08005c44   0x00000010   Data   RW          802    .data               stm32f4xx_rcc.o
    0x200000b8   0x08005c54   0x00000004   Data   RW         1007    .data               delay.o
    0x200000bc   0x08005c58   0x00000005   Data   RW         1085    .data               logsystem.o
    0x200000c1   0x08005c5d   0x00000002   Data   RW         1119    .data               motor.o
    0x200000c3   0x08005c5f   0x00000001   PAD
    0x200000c4   0x08005c60   0x0000000d   Data   RW         1201    .data               mlx90640.o
    0x200000d1   0x08005c6d   0x00000007   Data   RW         1279    .data               air.o
    0x200000d8   0x08005c74   0x00000002   Data   RW         1306    .data               duoji_board.o
    0x200000da   0x08005c76   0x00000002   Data   RW         1403    .data               board.o
    0x200000dc   0x08005c78   0x00000002   Data   RW         1426    .data               hc05.o
    0x200000de   0x08005c7a   0x00000002   PAD
    0x200000e0        -       0x0000004a   Zero   RW            4    .bss                main.o
    0x2000012a   0x08005c7a   0x00000002   PAD
    0x2000012c        -       0x00000014   Zero   RW         1084    .bss                logsystem.o
    0x20000140        -       0x00001508   Zero   RW         1199    .bss                mlx90640.o
    0x20001648        -       0x000000f0   Zero   RW         1278    .bss                air.o
    0x20001738        -       0x00000060   Zero   RW         1656    .bss                c_w.l(libspace.o)
    0x20001798        -       0x00000200   Zero   RW          277    HEAP                startup_stm32f40_41xxx.o
    0x20001998        -       0x00000400   Zero   RW          276    STACK               startup_stm32f40_41xxx.o


==============================================================================

Image component sizes


      Code (inc. data)   RO Data    RW Data    ZI Data      Debug   Object Name

       484         48          0          7        240       2152   air.o
       248         14          0          2          0       3081   board.o
       260          8          0          4          0       1533   delay.o
       248         14          0          2          0       3819   duoji_board.o
       248         14          0          2          0       3054   hc05.o
        76         14          0          5         20       2273   logsystem.o
       692         56          0        148         74     313502   main.o
       224         20          0          0          0       1833   misc.o
      1820         82        512         13       5384       3770   mlx90640.o
       552         20          0          2          0       2195   motor.o
       636         24          0          0          0       2009   servo.o
       464         10          0          0          0        932   speaker.o
        64         26        392          0       1536        840   startup_stm32f40_41xxx.o
       660         44          0          0          0       4177   stm32f4xx_gpio.o
        26          0          0          0          0       1230   stm32f4xx_it.o
      1628         52          0         16          0      13056   stm32f4xx_rcc.o
      3234         60          0          0          0      23032   stm32f4xx_tim.o
      1108         34          0          0          0       7900   stm32f4xx_usart.o
       528         46          0         20          0       1803   system_stm32f4xx.o
      1372         50          0          0          0       6149   usart.o
        84          6          0          0          0        748   water.o

    ----------------------------------------------------------------------
     14660        642        936        224       7256     399088   Object Totals
         0          0         32          0          0          0   (incl. Generated)
         4          0          0          3          2          0   (incl. Padding)

    ----------------------------------------------------------------------

      Code (inc. data)   RO Data    RW Data    ZI Data      Debug   Library Member Name

         8          0          0          0          0         68   __main.o
       392          4         17          0          0         92   __printf_flags_ss_wp.o
        14          0          0          0          0         68   __printf_wp.o
         0          0          0          0          0          0   __rtentry.o
        12          0          0          0          0          0   __rtentry2.o
         6          0          0          0          0          0   __rtentry4.o
        52          8          0          0          0          0   __scatter.o
        26          0          0          0          0          0   __scatter_copy.o
        28          0          0          0          0          0   __scatter_zi.o
         6          0          0          0          0          0   _printf_a.o
         6          0          0          0          0          0   _printf_c.o
        44          0          0          0          0        108   _printf_char.o
        48          6          0          0          0         96   _printf_char_common.o
        40          0          0          0          0         68   _printf_charcount.o
         6          0          0          0          0          0   _printf_d.o
       120         16          0          0          0         92   _printf_dec.o
         6          0          0          0          0          0   _printf_e.o
         6          0          0          0          0          0   _printf_f.o
      1054          0          0          0          0        216   _printf_fp_dec.o
       764          8         38          0          0        100   _printf_fp_hex.o
       128         16          0          0          0         84   _printf_fp_infnan.o
         6          0          0          0          0          0   _printf_g.o
       148          4         40          0          0        160   _printf_hex_int_ll_ptr.o
         6          0          0          0          0          0   _printf_i.o
       178          0          0          0          0         88   _printf_intcommon.o
        10          0          0          0          0          0   _printf_l.o
         6          0          0          0          0          0   _printf_lc.o
        10          0          0          0          0          0   _printf_ll.o
         6          0          0          0          0          0   _printf_lld.o
         6          0          0          0          0          0   _printf_lli.o
         6          0          0          0          0          0   _printf_llo.o
         6          0          0          0          0          0   _printf_llu.o
         6          0          0          0          0          0   _printf_llx.o
       124         16          0          0          0         92   _printf_longlong_dec.o
         6          0          0          0          0          0   _printf_ls.o
         6          0          0          0          0          0   _printf_n.o
         6          0          0          0          0          0   _printf_o.o
       112         10          0          0          0        124   _printf_oct_int_ll.o
         6          0          0          0          0          0   _printf_p.o
        78          0          0          0          0        108   _printf_pad.o
         0          0          0          0          0          0   _printf_percent.o
         4          0          0          0          0          0   _printf_percent_end.o
         6          0          0          0          0          0   _printf_s.o
        82          0          0          0          0         80   _printf_str.o
        36          0          0          0          0         84   _printf_truncate.o
         6          0          0          0          0          0   _printf_u.o
        44          0          0          0          0        108   _printf_wchar.o
       188          6          8          0          0         92   _printf_wctomb.o
         6          0          0          0          0          0   _printf_x.o
        10          0          0          0          0         68   _sputc.o
        64          0          0          0          0         92   _wcrtomb.o
       228          4        148          0          0         96   bigflt0.o
      1936        128          0          0          0        672   btod.o
        18          0          0          0          0         80   exit.o
         6          0          0          0          0        152   heapauxi.o
        44         10        272          0          0         76   lc_ctype_c.o
        44         10         28          0          0         76   lc_numeric_c.o
         2          0          0          0          0          0   libinit.o
        34          0          0          0          0          0   libinit2.o
         2          0          0          0          0          0   libshutdown.o
         2          0          0          0          0          0   libshutdown2.o
         8          4          0          0         96         68   libspace.o
       138          0          0          0          0         80   lludiv10.o
        16          4          0          0          0         76   rt_ctype_table.o
         8          4          0          0          0         68   rt_locale_intlibspace.o
         2          0          0          0          0          0   rtexit.o
        10          0          0          0          0          0   rtexit2.o
       128          0          0          0          0         68   strcmpv7m.o
        74          0          0          0          0         80   sys_stackheap_outer.o
         2          0          0          0          0         68   use_no_semi.o
         2          0          0          0          0         68   use_no_semi_2.o
        36          4          0          0          0         76   vsprintf.o
        24          0          0          0          0        116   dcmpi.o
       120          4          0          0          0        140   deqf.o
       156          4          0          0          0        140   dnaninf.o
        12          0          0          0          0        116   dretinf.o
        86          4          0          0          0        132   f2d.o
       140          4          0          0          0        132   fnaninf.o
        10          0          0          0          0        116   fpinit.o
         4          0          0          0          0        116   printf1.o
         4          0          0          0          0        116   printf2.o
         0          0          0          0          0          0   usenofp.o
        48          0          0          0          0        124   fpclassify.o

    ----------------------------------------------------------------------
      7304        278        552          0         96       5140   Library Totals
        16          0          1          0          0          0   (incl. Padding)

    ----------------------------------------------------------------------

      Code (inc. data)   RO Data    RW Data    ZI Data      Debug   Library Name

      6684        262        551          0         96       3892   c_w.l
       556         16          0          0          0       1124   fz_wm.l
        48          0          0          0          0        124   m_wm.l

    ----------------------------------------------------------------------
      7304        278        552          0         96       5140   Library Totals

    ----------------------------------------------------------------------

==============================================================================


      Code (inc. data)   RO Data    RW Data    ZI Data      Debug   

     21964        920       1488        224       7352     396848   Grand Totals
     21964        920       1488        224       7352     396848   ELF Image Totals
     21964        920       1488        224          0          0   ROM Totals

==============================================================================

    Total RO  Size (Code + RO Data)                23452 (  22.90kB)
    Total RW  Size (RW Data + ZI Data)              7576 (   7.40kB)
    Total ROM Size (Code + RO Data + RW Data)      23676 (  23.12kB)

==============================================================================

